scenario  family  deciding  windows  background                 roc_G                 roc_H                    delta  helps  g_transfers_here  regresses              roc_e25b  roc_lr_G  roc_lr_H
     s01   Neris     False      737         157 0.946 / 0.653 / 0.775 0.856 / 0.850 / 0.886 -0.090 / +0.197 / +0.111   True              True      False 0.942 / 0.664 / 0.761    0.6135    0.7611
     s02   Neris     False      505          78 0.602 / 0.393 / 0.423 0.568 / 0.560 / 0.475 -0.034 / +0.167 / +0.052  False             False      False 0.597 / 0.425 / 0.413    0.5712    0.5828
     s03    Rbot     False     8019        6477 0.716 / 0.696 / 0.629 0.673 / 0.676 / 0.725 -0.043 / -0.019 / +0.096  False             False      False 0.714 / 0.695 / 0.632    0.5196    0.5668
     s04    Rbot     False      539         285 0.592 / 0.706 / 0.545 0.809 / 0.757 / 0.784 +0.217 / +0.051 / +0.239   True             False      False 0.595 / 0.712 / 0.542    0.6718    0.6923
     s05   Virut     False       61          10 0.912 / 0.806 / 0.871 0.498 / 0.774 / 0.331 -0.414 / -0.031 / -0.539  False              True       True 0.847 / 0.857 / 0.886    0.5118    0.4196
     s06   Menti     False      260           6 0.780 / 0.703 / 0.833 0.678 / 0.669 / 0.671 -0.102 / -0.033 / -0.161  False              True       True 0.770 / 0.698 / 0.777    0.9849    0.9626
     s07   Sogou      True       44          26 0.088 / 0.103 / 0.079 0.094 / 0.547 / 0.583 +0.006 / +0.444 / +0.504   True             False      False 0.015 / 0.156 / 0.177    0.7372    0.7607
     s08   Murlo      True     2339          89 0.278 / 0.128 / 0.157 0.203 / 0.145 / 0.175 -0.075 / +0.017 / +0.018  False             False      False 0.204 / 0.137 / 0.157    0.5896    0.6064
     s09   Neris     False      677         295 0.636 / 0.879 / 0.936 0.930 / 0.828 / 0.935 +0.294 / -0.051 / -0.001  False              True      False 0.608 / 0.858 / 0.931    0.9242    0.9239
     s10    Rbot     False      618         466 0.677 / 0.674 / 0.667 0.468 / 0.454 / 0.400 -0.210 / -0.220 / -0.267  False             False      False 0.671 / 0.667 / 0.652    0.5314    0.4913
     s11    Rbot      True       34          20 0.032 / 0.218 / 0.054 0.057 / 0.071 / 0.021 +0.025 / -0.147 / -0.032  False             False      False 0.082 / 0.054 / 0.054    0.5179    0.3929
     s12 NSIS.ay     False      208          72 0.986 / 0.981 / 0.987 0.990 / 0.935 / 0.980 +0.004 / -0.046 / -0.007  False              True      False 0.985 / 0.979 / 0.985    0.9574    0.9451
     s13   Virut     False     1967           9 0.423 / 0.299 / 0.306 0.472 / 0.361 / 0.918 +0.049 / +0.062 / +0.612  False             False      False 0.439 / 0.302 / 0.313    0.9911    0.9683

 family E25b (global, interp) G (global, 56) H (global + host-local, 62)
  Menti             transfers      transfers                     partial
  Murlo              inverted       inverted                    inverted
NSIS.ay             transfers      transfers                   transfers
  Neris              inverted       inverted                     partial
   Rbot              inverted       inverted                    inverted
  Sogou              inverted       inverted                     partial
  Virut              inverted       inverted                    inverted

D-042: H helps on ['s07'] of ['s08', 's07', 's11']; regressions ['s05', 's06'] -> does not help
