WARNING: No libpcap provider available ! pcap won't be used
pcap_to_flows: session cap 100000 reached, 2869997 packets dropped
      day         check   ok  inputs configs_equal scalers_identical                        train_days  seed  windows  live_windows  mc_corr  mc_mean_abs_diff  mc_max_abs_diff  mean_path_corr  pr_auc_stored  pr_auc_live_mc  pr_auc_live_mean_path  prefix_windows scaler_prefix_equal threshold_prefix_equal  forecast_max_score_diff  forecast_mean_score_diff  forecast_score_corr  alarm_windows_differing  alarm_windows_full
   monday    one_method True   105.0          True              True tuesday,wednesday,thursday,friday   NaN      NaN           NaN      NaN               NaN              NaN             NaN            NaN             NaN                    NaN             NaN                 NaN                    NaN                      NaN                       NaN                  NaN                      NaN                 NaN
   monday stored_scores  NaN     NaN           NaN               NaN                               NaN  42.0    974.0         974.0  0.99710          0.000569         0.077354         0.99747            NaN             NaN                    NaN             NaN                 NaN                    NaN                      NaN                       NaN                  NaN                      NaN                 NaN
   monday stored_scores  NaN     NaN           NaN               NaN                               NaN  43.0    974.0         974.0  0.99841          0.000889         0.071079         0.99906            NaN             NaN                    NaN             NaN                 NaN                    NaN                      NaN                       NaN                  NaN                      NaN                 NaN
   monday stored_scores  NaN     NaN           NaN               NaN                               NaN  44.0    974.0         974.0  0.99857          0.000735         0.049103         0.99935            NaN             NaN                    NaN             NaN                 NaN                    NaN                      NaN                       NaN                  NaN                      NaN                 NaN
  tuesday    one_method True   105.0          True              True  monday,wednesday,thursday,friday   NaN      NaN           NaN      NaN               NaN              NaN             NaN            NaN             NaN                    NaN             NaN                 NaN                    NaN                      NaN                       NaN                  NaN                      NaN                 NaN
  tuesday stored_scores  NaN     NaN           NaN               NaN                               NaN  42.0    976.0         976.0  0.99937          0.003678         0.134848         0.99959            NaN             NaN                    NaN             NaN                 NaN                    NaN                      NaN                       NaN                  NaN                      NaN                 NaN
  tuesday stored_scores  NaN     NaN           NaN               NaN                               NaN  43.0    976.0         976.0  0.99955          0.003503         0.059081         0.99961            NaN             NaN                    NaN             NaN                 NaN                    NaN                      NaN                       NaN                  NaN                      NaN                 NaN
  tuesday stored_scores  NaN     NaN           NaN               NaN                               NaN  44.0    976.0         976.0  0.99937          0.002519         0.057593         0.99954            NaN             NaN                    NaN             NaN                 NaN                    NaN                      NaN                       NaN                  NaN                      NaN                 NaN
wednesday    one_method True   105.0          True              True    monday,tuesday,thursday,friday   NaN      NaN           NaN      NaN               NaN              NaN             NaN            NaN             NaN                    NaN             NaN                 NaN                    NaN                      NaN                       NaN                  NaN                      NaN                 NaN
wednesday stored_scores  NaN     NaN           NaN               NaN                               NaN  42.0   1017.0        1017.0  0.99889          0.002263         0.077623         0.99938            NaN             NaN                    NaN             NaN                 NaN                    NaN                      NaN                       NaN                  NaN                      NaN                 NaN
wednesday stored_scores  NaN     NaN           NaN               NaN                               NaN  43.0   1017.0        1017.0  0.99804          0.001581         0.067342         0.99882            NaN             NaN                    NaN             NaN                 NaN                    NaN                      NaN                       NaN                  NaN                      NaN                 NaN
wednesday stored_scores  NaN     NaN           NaN               NaN                               NaN  44.0   1017.0        1017.0  0.99910          0.002101         0.091271         0.99939            NaN             NaN                    NaN             NaN                 NaN                    NaN                      NaN                       NaN                  NaN                      NaN                 NaN
 thursday    one_method True   105.0          True              True   monday,tuesday,wednesday,friday   NaN      NaN           NaN      NaN               NaN              NaN             NaN            NaN             NaN                    NaN             NaN                 NaN                    NaN                      NaN                       NaN                  NaN                      NaN                 NaN
 thursday stored_scores  NaN     NaN           NaN               NaN                               NaN  42.0    972.0         972.0  0.99934          0.001309         0.037611         0.99965         0.4177          0.4188                 0.4188             NaN                 NaN                    NaN                      NaN                       NaN                  NaN                      NaN                 NaN
 thursday stored_scores  NaN     NaN           NaN               NaN                               NaN  43.0    972.0         972.0  0.99801          0.001324         0.055588         0.99832         0.5624          0.5678                 0.5625             NaN                 NaN                    NaN                      NaN                       NaN                  NaN                      NaN                 NaN
 thursday stored_scores  NaN     NaN           NaN               NaN                               NaN  44.0    972.0         972.0  0.99903          0.003191         0.083167         0.99943         0.7104          0.6979                 0.7006             NaN                 NaN                    NaN                      NaN                       NaN                  NaN                      NaN                 NaN
 thursday  no_lookahead True     NaN           NaN               NaN                               NaN   NaN      NaN           NaN      NaN               NaN              NaN             NaN            NaN             NaN                    NaN           486.0                True                   True                 0.138576                  0.002116              0.99473                      0.0                38.0
   friday    one_method True   105.0          True              True monday,tuesday,wednesday,thursday   NaN      NaN           NaN      NaN               NaN              NaN             NaN            NaN             NaN                    NaN             NaN                 NaN                    NaN                      NaN                       NaN                  NaN                      NaN                 NaN
   friday stored_scores  NaN     NaN           NaN               NaN                               NaN  42.0    968.0         968.0  0.99954          0.003613         0.118525         0.99944         0.1661          0.1669                 0.1670             NaN                 NaN                    NaN                      NaN                       NaN                  NaN                      NaN                 NaN
   friday stored_scores  NaN     NaN           NaN               NaN                               NaN  43.0    968.0         968.0  0.99903          0.002756         0.257802         0.99884         0.1038          0.1047                 0.1045             NaN                 NaN                    NaN                      NaN                       NaN                  NaN                      NaN                 NaN
   friday stored_scores  NaN     NaN           NaN               NaN                               NaN  44.0    968.0         968.0  0.99900          0.003756         0.265644         0.99891         0.1231          0.1226                 0.1235             NaN                 NaN                    NaN                      NaN                       NaN                  NaN                      NaN                 NaN
   friday  no_lookahead True     NaN           NaN               NaN                               NaN   NaN      NaN           NaN      NaN               NaN              NaN             NaN            NaN             NaN                    NaN           484.0                True                   True                 0.198936                  0.015119              0.94824                     16.0                36.0
{
 "pcap": "data/cic-2017-pcap/Tuesday-WorkingHours.pcap",
 "day": "tuesday",
 "slice_t0": "2017-07-04 11:53:00",
 "day_window_offset": 0,
 "windows_compared": 967,
 "exact_features": 21,
 "features": 105,
 "by_block": {
  "flow": {
   "count": 67,
   "median": 0.994605,
   "max": 491256.90625
  },
  "pcap": {
   "count": 18,
   "median": 0.0,
   "max": 0.0
  },
  "pkt": {
   "count": 20,
   "median": 0.99934,
   "max": 19.965135
  }
 }
}
verdict: {'one_method': True, 'no_lookahead': True, 'passed': True}
exit=0
