56 features x 1 view(s) = 56 model inputs; arch=rssm hazard=factorized curriculum=False

== fold: neris test=['s01', 's02', 's09']  train=['s03', 's04', 's05', 's06', 's07', 's08', 's10', 's11', 's12', 's13']  device=cuda
  35 batches/epoch -> 8 epochs for ~250 steps
  epoch   0  total=9.732  recon=0.392  kl=0.598  comp=0.871  imag_comp=0.875
  epoch   1  total=7.990  recon=0.341  kl=0.547  comp=0.775  imag_comp=0.776
  epoch   2  total=7.349  recon=0.313  kl=0.626  comp=0.734  imag_comp=0.740
  epoch   3  total=6.792  recon=0.309  kl=0.435  comp=0.700  imag_comp=0.699
  epoch   4  total=6.428  recon=0.308  kl=0.488  comp=0.669  imag_comp=0.665
  epoch   5  total=6.220  recon=0.308  kl=0.386  comp=0.649  imag_comp=0.640
  epoch   6  total=6.040  recon=0.309  kl=0.493  comp=0.637  imag_comp=0.625
  epoch   7  total=5.979  recon=0.309  kl=0.560  comp=0.631  imag_comp=0.616
   {"target": "forecast", "threshold_mode": "train-tuned", "f1": 0.7686, "precision": 0.6242, "recall": 1.0, "fpr": 0.7797, "pr_auc": 0.956, "roc_auc": 0.9312, "warned_early": 2, "episodes": 2, "mean_lead_windows": 10.0}
   {"target": "forecast", "threshold_mode": "alert-budget-5pct", "f1": 0.0658, "precision": 1.0, "recall": 0.034, "fpr": 0.0, "pr_auc": 0.956, "roc_auc": 0.9312, "warned_early": 0, "episodes": 2, "mean_lead_windows": 0.0}
   {"target": "forecast", "threshold_mode": "oracle", "f1": 0.9023, "precision": 0.9507, "recall": 0.8586, "fpr": 0.0576, "pr_auc": 0.956, "roc_auc": 0.9312, "warned_early": 1, "episodes": 2, "mean_lead_windows": 10.0}
   {"target": "escalation", "threshold_mode": "oracle", "f1": 0.4112, "precision": 0.2705, "recall": 0.8571, "fpr": 0.2967, "pr_auc": 0.4507, "roc_auc": 0.8431}

== fold: rbot test=['s03', 's04', 's10', 's11']  train=['s01', 's02', 's05', 's06', 's07', 's08', 's09', 's12', 's13']  device=cuda
  17 batches/epoch -> 15 epochs for ~250 steps
  epoch   0  total=8.957  recon=0.414  kl=0.564  comp=0.624  imag_comp=0.623
  epoch   1  total=7.409  recon=0.377  kl=0.700  comp=0.587  imag_comp=0.587
  epoch   2  total=6.811  recon=0.352  kl=0.578  comp=0.581  imag_comp=0.582
  epoch   3  total=6.409  recon=0.379  kl=0.671  comp=0.555  imag_comp=0.551
  epoch   4  total=6.513  recon=0.368  kl=0.605  comp=0.560  imag_comp=0.565
  epoch   5  total=5.980  recon=0.369  kl=0.376  comp=0.537  imag_comp=0.531
  epoch   6  total=5.797  recon=0.341  kl=0.471  comp=0.534  imag_comp=0.531
  epoch   7  total=5.867  recon=0.343  kl=0.535  comp=0.532  imag_comp=0.524
  epoch   8  total=5.631  recon=0.341  kl=0.567  comp=0.524  imag_comp=0.518
  epoch   9  total=5.524  recon=0.337  kl=0.618  comp=0.518  imag_comp=0.516
  epoch  10  total=5.495  recon=0.361  kl=0.655  comp=0.521  imag_comp=0.507
  epoch  11  total=5.487  recon=0.335  kl=0.683  comp=0.527  imag_comp=0.519
  epoch  12  total=5.475  recon=0.340  kl=0.708  comp=0.523  imag_comp=0.518
  epoch  13  total=5.443  recon=0.343  kl=0.726  comp=0.527  imag_comp=0.519
  epoch  14  total=5.251  recon=0.347  kl=0.747  comp=0.490  imag_comp=0.483
   {"target": "forecast", "threshold_mode": "train-tuned", "f1": 0.5833, "precision": 0.4118, "recall": 1.0, "fpr": 1.0, "pr_auc": 0.2616, "roc_auc": 0.0536, "warned_early": 1, "episodes": 1, "mean_lead_windows": 10.0}
   {"target": "forecast", "threshold_mode": "alert-budget-5pct", "f1": 0.0, "precision": 0.0, "recall": 0.0, "fpr": 0.0, "pr_auc": 0.2616, "roc_auc": 0.0536, "warned_early": 0, "episodes": 1, "mean_lead_windows": 0.0}
   {"target": "forecast", "threshold_mode": "oracle", "f1": 0.5833, "precision": 0.4118, "recall": 1.0, "fpr": 1.0, "pr_auc": 0.2616, "roc_auc": 0.0536, "warned_early": 1, "episodes": 1, "mean_lead_windows": 10.0}
   {"target": "escalation", "threshold_mode": "oracle", "f1": 0.5, "precision": 0.3333, "recall": 1.0, "fpr": 0.8333, "pr_auc": 0.2134, "roc_auc": 0.225}

== fold: virut test=['s05', 's13']  train=['s01', 's02', 's03', 's04', 's06', 's07', 's08', 's09', 's10', 's11', 's12']  device=cuda
  35 batches/epoch -> 8 epochs for ~250 steps
  epoch   0  total=9.922  recon=0.390  kl=0.559  comp=0.893  imag_comp=0.893
  epoch   1  total=7.928  recon=0.343  kl=0.551  comp=0.791  imag_comp=0.794
  epoch   2  total=6.977  recon=0.329  kl=0.549  comp=0.727  imag_comp=0.725
  epoch   3  total=6.662  recon=0.325  kl=0.638  comp=0.696  imag_comp=0.694
  epoch   4  total=6.282  recon=0.317  kl=0.651  comp=0.669  imag_comp=0.665
  epoch   5  total=6.119  recon=0.313  kl=0.581  comp=0.648  imag_comp=0.645
  epoch   6  total=5.993  recon=0.311  kl=0.492  comp=0.638  imag_comp=0.635
  epoch   7  total=5.930  recon=0.310  kl=0.548  comp=0.635  imag_comp=0.628
   {"target": "forecast", "threshold_mode": "train-tuned", "f1": 0.6952, "precision": 0.9915, "recall": 0.5352, "fpr": 1.0, "pr_auc": 0.9947, "roc_auc": 0.3131, "warned_early": 53, "episodes": 117, "mean_lead_windows": 8.66}
   {"target": "forecast", "threshold_mode": "alert-budget-5pct", "f1": 0.0449, "precision": 1.0, "recall": 0.023, "fpr": 0.0, "pr_auc": 0.9947, "roc_auc": 0.3131, "warned_early": 0, "episodes": 117, "mean_lead_windows": 0.0}
   {"target": "forecast", "threshold_mode": "oracle", "f1": 0.9964, "precision": 0.9954, "recall": 0.9974, "fpr": 1.0, "pr_auc": 0.9947, "roc_auc": 0.3131, "warned_early": 117, "episodes": 117, "mean_lead_windows": 9.97}
   {"target": "escalation", "threshold_mode": "oracle", "f1": 0.8463, "precision": 0.7336, "recall": 1.0, "fpr": 1.0, "pr_auc": 0.6083, "roc_auc": 0.2339}

== fold: menti test=['s06']  train=['s01', 's02', 's03', 's04', 's05', 's07', 's08', 's09', 's10', 's11', 's12', 's13']  device=cuda
  39 batches/epoch -> 7 epochs for ~250 steps
  epoch   0  total=9.528  recon=0.395  kl=0.507  comp=0.857  imag_comp=0.857
  epoch   1  total=7.780  recon=0.337  kl=0.549  comp=0.761  imag_comp=0.767
  epoch   2  total=6.999  recon=0.318  kl=0.696  comp=0.719  imag_comp=0.720
  epoch   3  total=6.590  recon=0.308  kl=0.545  comp=0.685  imag_comp=0.683
  epoch   4  total=6.350  recon=0.306  kl=0.418  comp=0.664  imag_comp=0.664
  epoch   5  total=6.092  recon=0.307  kl=0.520  comp=0.641  imag_comp=0.633
  epoch   6  total=5.965  recon=0.307  kl=0.602  comp=0.625  imag_comp=0.618
   {"target": "forecast", "threshold_mode": "train-tuned", "f1": 0.9764, "precision": 0.9764, "recall": 0.9764, "fpr": 1.0, "pr_auc": 0.993, "roc_auc": 0.7769, "warned_early": 4, "episodes": 4, "mean_lead_windows": 7.75}
   {"target": "forecast", "threshold_mode": "alert-budget-5pct", "f1": 0.6544, "precision": 0.992, "recall": 0.4882, "fpr": 0.1667, "pr_auc": 0.993, "roc_auc": 0.7769, "warned_early": 1, "episodes": 4, "mean_lead_windows": 10.0}
   {"target": "forecast", "threshold_mode": "oracle", "f1": 0.9883, "precision": 0.9769, "recall": 1.0, "fpr": 1.0, "pr_auc": 0.993, "roc_auc": 0.7769, "warned_early": 4, "episodes": 4, "mean_lead_windows": 7.75}
   {"target": "escalation", "threshold_mode": "oracle", "f1": 0.4967, "precision": 0.4, "recall": 0.6552, "fpr": 0.2822, "pr_auc": 0.3925, "roc_auc": 0.6881}

== fold: sogou test=['s07']  train=['s01', 's02', 's03', 's04', 's05', 's06', 's08', 's09', 's10', 's11', 's12', 's13']  device=cuda
  40 batches/epoch -> 7 epochs for ~250 steps
  epoch   0  total=9.625  recon=0.395  kl=0.578  comp=0.860  imag_comp=0.862
  epoch   1  total=7.840  recon=0.334  kl=0.519  comp=0.765  imag_comp=0.768
  epoch   2  total=7.087  recon=0.317  kl=0.548  comp=0.717  imag_comp=0.719
  epoch   3  total=6.581  recon=0.319  kl=0.585  comp=0.674  imag_comp=0.672
  epoch   4  total=6.316  recon=0.308  kl=0.625  comp=0.649  imag_comp=0.644
  epoch   5  total=6.086  recon=0.308  kl=0.602  comp=0.637  imag_comp=0.630
  epoch   6  total=6.038  recon=0.309  kl=0.507  comp=0.626  imag_comp=0.617
   {"target": "forecast", "threshold_mode": "train-tuned", "f1": 0.3265, "precision": 0.2581, "recall": 0.4444, "fpr": 0.8846, "pr_auc": 0.3674, "roc_auc": 0.1774, "warned_early": 2, "episodes": 2, "mean_lead_windows": 6.0}
   {"target": "forecast", "threshold_mode": "alert-budget-5pct", "f1": 0.0, "precision": 0.0, "recall": 0.0, "fpr": 0.0, "pr_auc": 0.3674, "roc_auc": 0.1774, "warned_early": 0, "episodes": 2, "mean_lead_windows": 0.0}
   {"target": "forecast", "threshold_mode": "oracle", "f1": 0.5806, "precision": 0.4091, "recall": 1.0, "fpr": 1.0, "pr_auc": 0.3674, "roc_auc": 0.1774, "warned_early": 2, "episodes": 2, "mean_lead_windows": 6.0}
   {"target": "escalation", "threshold_mode": "oracle", "f1": 0.8571, "precision": 1.0, "recall": 0.75, "fpr": 0.0, "pr_auc": 0.9404, "roc_auc": 0.9554}

== fold: murlo test=['s08']  train=['s01', 's02', 's03', 's04', 's05', 's06', 's07', 's09', 's10', 's11', 's12', 's13']  device=cuda
  34 batches/epoch -> 8 epochs for ~250 steps
  epoch   0  total=10.065  recon=0.409  kl=0.624  comp=0.928  imag_comp=0.935
  epoch   1  total=7.777  recon=0.328  kl=0.623  comp=0.774  imag_comp=0.782
  epoch   2  total=6.932  recon=0.329  kl=0.692  comp=0.710  imag_comp=0.709
  epoch   3  total=6.519  recon=0.324  kl=0.485  comp=0.671  imag_comp=0.665
  epoch   4  total=6.340  recon=0.313  kl=0.693  comp=0.669  imag_comp=0.663
  epoch   5  total=6.208  recon=0.324  kl=0.606  comp=0.644  imag_comp=0.636
  epoch   6  total=6.154  recon=0.312  kl=0.457  comp=0.640  imag_comp=0.629
  epoch   7  total=6.123  recon=0.310  kl=0.515  comp=0.632  imag_comp=0.623
   {"target": "forecast", "threshold_mode": "train-tuned", "f1": 0.6628, "precision": 0.9323, "recall": 0.5142, "fpr": 0.9438, "pr_auc": 0.9121, "roc_auc": 0.1565, "warned_early": 4, "episodes": 6, "mean_lead_windows": 6.0}
   {"target": "forecast", "threshold_mode": "alert-budget-5pct", "f1": 0.0, "precision": 0.0, "recall": 0.0, "fpr": 0.0, "pr_auc": 0.9121, "roc_auc": 0.1565, "warned_early": 0, "episodes": 6, "mean_lead_windows": 0.0}
   {"target": "forecast", "threshold_mode": "oracle", "f1": 0.9806, "precision": 0.9619, "recall": 1.0, "fpr": 1.0, "pr_auc": 0.9121, "roc_auc": 0.1565, "warned_early": 6, "episodes": 6, "mean_lead_windows": 8.5}
   {"target": "escalation", "threshold_mode": "oracle", "f1": 0.4717, "precision": 0.3087, "recall": 1.0, "fpr": 1.0, "pr_auc": 0.3158, "roc_auc": 0.4752}

== fold: nsis test=['s12']  train=['s01', 's02', 's03', 's04', 's05', 's06', 's07', 's08', 's09', 's10', 's11', 's13']  device=cuda
  40 batches/epoch -> 7 epochs for ~250 steps
  epoch   0  total=9.408  recon=0.386  kl=0.588  comp=0.836  imag_comp=0.832
  epoch   1  total=7.831  recon=0.325  kl=0.698  comp=0.783  imag_comp=0.785
  epoch   2  total=7.212  recon=0.309  kl=0.600  comp=0.735  imag_comp=0.745
  epoch   3  total=6.824  recon=0.307  kl=0.636  comp=0.718  imag_comp=0.717
  epoch   4  total=6.386  recon=0.301  kl=0.382  comp=0.672  imag_comp=0.671
  epoch   5  total=6.104  recon=0.308  kl=0.497  comp=0.644  imag_comp=0.637
  epoch   6  total=6.148  recon=0.302  kl=0.563  comp=0.648  imag_comp=0.637
   {"target": "forecast", "threshold_mode": "train-tuned", "f1": 0.793, "precision": 0.989, "recall": 0.6618, "fpr": 0.0139, "pr_auc": 0.9912, "roc_auc": 0.9848, "warned_early": 1, "episodes": 2, "mean_lead_windows": 10.0}
   {"target": "forecast", "threshold_mode": "alert-budget-5pct", "f1": 0.0, "precision": 0.0, "recall": 0.0, "fpr": 0.0, "pr_auc": 0.9912, "roc_auc": 0.9848, "warned_early": 0, "episodes": 2, "mean_lead_windows": 0.0}
   {"target": "forecast", "threshold_mode": "oracle", "f1": 0.9673, "precision": 0.9568, "recall": 0.9779, "fpr": 0.0833, "pr_auc": 0.9912, "roc_auc": 0.9848, "warned_early": 2, "episodes": 2, "mean_lead_windows": 8.5}
   {"target": "escalation", "threshold_mode": "oracle", "f1": 0.806, "precision": 0.75, "recall": 0.871, "fpr": 0.2348, "pr_auc": 0.7984, "roc_auc": 0.8935}

wrote models\e25-ctu13-s44/*.pt, results/tables/e25-ctu13-s44_*.csv, results/figures/e5_*, e6_*
