70 features x 1 view(s) = 70 model inputs; arch=rssm hazard=direct curriculum=False

== fold: test=monday  train=['tuesday', 'wednesday', 'thursday', 'friday']  device=cuda
  epoch   0  total=10.683  recon=0.468  kl=0.301  comp=1.183  imag_comp=1.182
  epoch   1  total=9.949  recon=0.466  kl=0.591  comp=1.078  imag_comp=1.078
  epoch   2  total=8.908  recon=0.448  kl=0.565  comp=0.925  imag_comp=0.952
  epoch   3  total=8.703  recon=0.458  kl=0.496  comp=0.867  imag_comp=0.925
  epoch   4  total=8.053  recon=0.437  kl=0.665  comp=0.786  imag_comp=0.841
  epoch   5  total=7.151  recon=0.445  kl=0.511  comp=0.671  imag_comp=0.717
  epoch   6  total=6.474  recon=0.452  kl=0.667  comp=0.590  imag_comp=0.618
  epoch   7  total=5.936  recon=0.440  kl=0.555  comp=0.523  imag_comp=0.573
  epoch   8  total=5.488  recon=0.431  kl=0.442  comp=0.463  imag_comp=0.513
  epoch   9  total=5.360  recon=0.433  kl=0.795  comp=0.454  imag_comp=0.488
  epoch  10  total=5.059  recon=0.433  kl=0.544  comp=0.426  imag_comp=0.466
  epoch  11  total=5.107  recon=0.428  kl=0.522  comp=0.425  imag_comp=0.477
  epoch  12  total=4.661  recon=0.430  kl=0.639  comp=0.392  imag_comp=0.416
  epoch  13  total=4.557  recon=0.423  kl=0.746  comp=0.372  imag_comp=0.403
  epoch  14  total=4.412  recon=0.429  kl=0.791  comp=0.358  imag_comp=0.384
  epoch  15  total=4.343  recon=0.428  kl=0.835  comp=0.360  imag_comp=0.383
  epoch  16  total=4.391  recon=0.421  kl=0.759  comp=0.360  imag_comp=0.388
  epoch  17  total=4.293  recon=0.428  kl=0.511  comp=0.346  imag_comp=0.383
  epoch  18  total=4.091  recon=0.426  kl=0.486  comp=0.327  imag_comp=0.346
  epoch  19  total=4.107  recon=0.429  kl=0.508  comp=0.334  imag_comp=0.351
  epoch  20  total=3.902  recon=0.418  kl=0.499  comp=0.314  imag_comp=0.330
  epoch  21  total=3.921  recon=0.428  kl=0.520  comp=0.318  imag_comp=0.329
  epoch  22  total=3.944  recon=0.426  kl=0.529  comp=0.318  imag_comp=0.330
  epoch  23  total=3.987  recon=0.416  kl=0.527  comp=0.329  imag_comp=0.334
  epoch  24  total=3.925  recon=0.426  kl=0.529  comp=0.317  imag_comp=0.331
   {"target": "forecast", "threshold_mode": "train-tuned", "f1": 0.0, "precision": 0.0, "recall": 0.0, "fpr": 0.0123, "pr_auc": NaN, "roc_auc": NaN, "warned_early": 0, "episodes": 0, "mean_lead_windows": 0.0}
   {"target": "forecast", "threshold_mode": "alert-budget-5pct", "f1": 0.0, "precision": 0.0, "recall": 0.0, "fpr": 0.0031, "pr_auc": NaN, "roc_auc": NaN, "warned_early": 0, "episodes": 0, "mean_lead_windows": 0.0}
   {"target": "forecast", "threshold_mode": "oracle", "f1": 0.0, "precision": 0.0, "recall": 0.0, "fpr": 0.231, "pr_auc": NaN, "roc_auc": NaN, "warned_early": 0, "episodes": 0, "mean_lead_windows": 0.0}

== fold: test=tuesday  train=['monday', 'wednesday', 'thursday', 'friday']  device=cuda
  epoch   0  total=10.669  recon=0.456  kl=0.204  comp=1.187  imag_comp=1.189
  epoch   1  total=10.099  recon=0.458  kl=0.337  comp=1.096  imag_comp=1.116
  epoch   2  total=8.755  recon=0.445  kl=0.740  comp=0.903  imag_comp=0.899
  epoch   3  total=7.854  recon=0.450  kl=0.691  comp=0.726  imag_comp=0.838
  epoch   4  total=7.144  recon=0.439  kl=0.630  comp=0.657  imag_comp=0.740
  epoch   5  total=6.502  recon=0.438  kl=0.769  comp=0.567  imag_comp=0.679
  epoch   6  total=6.094  recon=0.459  kl=0.453  comp=0.515  imag_comp=0.595
  epoch   7  total=5.585  recon=0.448  kl=0.423  comp=0.470  imag_comp=0.544
  epoch   8  total=5.488  recon=0.455  kl=0.556  comp=0.465  imag_comp=0.536
  epoch   9  total=4.950  recon=0.439  kl=0.784  comp=0.406  imag_comp=0.459
  epoch  10  total=5.032  recon=0.450  kl=0.663  comp=0.425  imag_comp=0.475
  epoch  11  total=4.521  recon=0.435  kl=0.655  comp=0.372  imag_comp=0.414
  epoch  12  total=4.498  recon=0.437  kl=0.571  comp=0.369  imag_comp=0.409
  epoch  13  total=4.199  recon=0.432  kl=0.712  comp=0.339  imag_comp=0.367
  epoch  14  total=4.118  recon=0.441  kl=0.897  comp=0.341  imag_comp=0.371
  epoch  15  total=4.060  recon=0.438  kl=0.444  comp=0.322  imag_comp=0.346
  epoch  16  total=3.897  recon=0.429  kl=0.460  comp=0.319  imag_comp=0.336
  epoch  17  total=3.912  recon=0.435  kl=0.539  comp=0.318  imag_comp=0.334
  epoch  18  total=3.872  recon=0.441  kl=0.568  comp=0.307  imag_comp=0.324
  epoch  19  total=3.809  recon=0.432  kl=0.585  comp=0.303  imag_comp=0.312
  epoch  20  total=3.774  recon=0.426  kl=0.595  comp=0.297  imag_comp=0.314
  epoch  21  total=3.860  recon=0.440  kl=0.608  comp=0.319  imag_comp=0.328
  epoch  22  total=3.738  recon=0.435  kl=0.611  comp=0.302  imag_comp=0.309
  epoch  23  total=3.715  recon=0.432  kl=0.612  comp=0.294  imag_comp=0.301
  epoch  24  total=3.717  recon=0.428  kl=0.613  comp=0.296  imag_comp=0.306
   {"target": "forecast", "threshold_mode": "train-tuned", "f1": 0.0, "precision": 0.0, "recall": 0.0, "fpr": 0.1475, "pr_auc": NaN, "roc_auc": NaN, "warned_early": 0, "episodes": 0, "mean_lead_windows": 0.0}
   {"target": "forecast", "threshold_mode": "alert-budget-5pct", "f1": 0.0, "precision": 0.0, "recall": 0.0, "fpr": 0.085, "pr_auc": NaN, "roc_auc": NaN, "warned_early": 0, "episodes": 0, "mean_lead_windows": 0.0}
   {"target": "forecast", "threshold_mode": "oracle", "f1": 0.0, "precision": 0.0, "recall": 0.0, "fpr": 0.4529, "pr_auc": NaN, "roc_auc": NaN, "warned_early": 0, "episodes": 0, "mean_lead_windows": 0.0}
   {"target": "escalation", "threshold_mode": "oracle", "f1": 0.0891, "precision": 0.0486, "recall": 0.5333, "fpr": 0.3309, "pr_auc": 0.0358, "roc_auc": 0.5947}

== fold: test=wednesday  train=['monday', 'tuesday', 'thursday', 'friday']  device=cuda
  epoch   0  total=10.730  recon=0.489  kl=0.249  comp=1.175  imag_comp=1.181
  epoch   1  total=9.619  recon=0.462  kl=0.462  comp=1.033  imag_comp=1.032
  epoch   2  total=8.200  recon=0.451  kl=0.694  comp=0.822  imag_comp=0.809
  epoch   3  total=7.587  recon=0.446  kl=0.604  comp=0.689  imag_comp=0.762
  epoch   4  total=6.909  recon=0.461  kl=0.740  comp=0.595  imag_comp=0.664
  epoch   5  total=6.163  recon=0.445  kl=0.434  comp=0.510  imag_comp=0.589
  epoch   6  total=5.641  recon=0.450  kl=0.667  comp=0.459  imag_comp=0.523
  epoch   7  total=5.287  recon=0.448  kl=0.865  comp=0.409  imag_comp=0.492
  epoch   8  total=5.079  recon=0.473  kl=0.455  comp=0.387  imag_comp=0.427
  epoch   9  total=4.729  recon=0.454  kl=0.628  comp=0.349  imag_comp=0.400
  epoch  10  total=4.440  recon=0.454  kl=0.453  comp=0.318  imag_comp=0.365
  epoch  11  total=4.394  recon=0.444  kl=0.550  comp=0.331  imag_comp=0.353
  epoch  12  total=4.168  recon=0.444  kl=0.801  comp=0.301  imag_comp=0.332
  epoch  13  total=3.951  recon=0.443  kl=0.638  comp=0.287  imag_comp=0.315
  epoch  14  total=3.862  recon=0.440  kl=0.317  comp=0.280  imag_comp=0.304
  epoch  15  total=3.697  recon=0.443  kl=0.390  comp=0.265  imag_comp=0.282
  epoch  16  total=3.672  recon=0.450  kl=0.474  comp=0.264  imag_comp=0.275
  epoch  17  total=3.631  recon=0.457  kl=0.529  comp=0.251  imag_comp=0.263
  epoch  18  total=3.613  recon=0.445  kl=0.593  comp=0.261  imag_comp=0.275
  epoch  19  total=3.506  recon=0.453  kl=0.619  comp=0.241  imag_comp=0.252
  epoch  20  total=3.519  recon=0.450  kl=0.652  comp=0.246  imag_comp=0.254
  epoch  21  total=3.603  recon=0.445  kl=0.673  comp=0.254  imag_comp=0.266
  epoch  22  total=3.489  recon=0.439  kl=0.691  comp=0.257  imag_comp=0.265
  epoch  23  total=3.415  recon=0.436  kl=0.703  comp=0.243  imag_comp=0.259
  epoch  24  total=3.421  recon=0.446  kl=0.697  comp=0.245  imag_comp=0.249
   {"target": "forecast", "threshold_mode": "train-tuned", "f1": 0.0, "precision": 0.0, "recall": 0.0, "fpr": 0.0688, "pr_auc": NaN, "roc_auc": NaN, "warned_early": 0, "episodes": 0, "mean_lead_windows": 0.0}
   {"target": "forecast", "threshold_mode": "alert-budget-5pct", "f1": 0.0, "precision": 0.0, "recall": 0.0, "fpr": 0.0029, "pr_auc": NaN, "roc_auc": NaN, "warned_early": 0, "episodes": 0, "mean_lead_windows": 0.0}
   {"target": "forecast", "threshold_mode": "oracle", "f1": 0.0, "precision": 0.0, "recall": 0.0, "fpr": 0.3913, "pr_auc": NaN, "roc_auc": NaN, "warned_early": 0, "episodes": 0, "mean_lead_windows": 0.0}
   {"target": "escalation", "threshold_mode": "oracle", "f1": 0.4966, "precision": 0.3737, "recall": 0.74, "fpr": 0.0641, "pr_auc": 0.2563, "roc_auc": 0.9105}

== fold: test=thursday  train=['monday', 'tuesday', 'wednesday', 'friday']  device=cuda
  epoch   0  total=10.402  recon=0.446  kl=0.213  comp=1.147  imag_comp=1.138
  epoch   1  total=10.222  recon=0.445  kl=0.346  comp=1.122  imag_comp=1.150
  epoch   2  total=8.921  recon=0.437  kl=0.735  comp=0.945  imag_comp=0.956
  epoch   3  total=7.168  recon=0.428  kl=0.564  comp=0.702  imag_comp=0.710
  epoch   4  total=6.033  recon=0.428  kl=0.699  comp=0.511  imag_comp=0.534
  epoch   5  total=5.165  recon=0.433  kl=0.671  comp=0.412  imag_comp=0.408
  epoch   6  total=4.497  recon=0.427  kl=0.608  comp=0.360  imag_comp=0.331
  epoch   7  total=4.010  recon=0.431  kl=0.500  comp=0.293  imag_comp=0.287
  epoch   8  total=3.903  recon=0.439  kl=0.600  comp=0.262  imag_comp=0.278
  epoch   9  total=3.716  recon=0.439  kl=0.441  comp=0.248  imag_comp=0.260
  epoch  10  total=3.392  recon=0.425  kl=0.590  comp=0.218  imag_comp=0.228
  epoch  11  total=3.262  recon=0.425  kl=0.719  comp=0.198  imag_comp=0.206
  epoch  12  total=3.079  recon=0.415  kl=0.750  comp=0.193  imag_comp=0.192
  epoch  13  total=3.130  recon=0.417  kl=0.400  comp=0.180  imag_comp=0.203
  epoch  14  total=3.115  recon=0.429  kl=0.489  comp=0.173  imag_comp=0.191
  epoch  15  total=2.951  recon=0.429  kl=0.566  comp=0.163  imag_comp=0.173
  epoch  16  total=2.905  recon=0.417  kl=0.595  comp=0.163  imag_comp=0.172
  epoch  17  total=2.857  recon=0.426  kl=0.545  comp=0.158  imag_comp=0.162
  epoch  18  total=2.847  recon=0.434  kl=0.378  comp=0.151  imag_comp=0.157
  epoch  19  total=2.779  recon=0.420  kl=0.355  comp=0.146  imag_comp=0.152
  epoch  20  total=2.805  recon=0.425  kl=0.357  comp=0.149  imag_comp=0.148
  epoch  21  total=2.731  recon=0.417  kl=0.358  comp=0.141  imag_comp=0.148
  epoch  22  total=2.761  recon=0.416  kl=0.372  comp=0.146  imag_comp=0.149
  epoch  23  total=2.778  recon=0.422  kl=0.374  comp=0.147  imag_comp=0.151
  epoch  24  total=2.733  recon=0.417  kl=0.363  comp=0.146  imag_comp=0.145
   {"target": "forecast", "threshold_mode": "train-tuned", "f1": 0.0, "precision": 0.0, "recall": 0.0, "fpr": 0.0, "pr_auc": 0.4298, "roc_auc": 0.7451, "warned_early": 0, "episodes": 4, "mean_lead_windows": 0.0}
   {"target": "forecast", "threshold_mode": "alert-budget-5pct", "f1": 0.0, "precision": 0.0, "recall": 0.0, "fpr": 0.0025, "pr_auc": 0.4298, "roc_auc": 0.7451, "warned_early": 0, "episodes": 4, "mean_lead_windows": 0.0}
   {"target": "forecast", "threshold_mode": "oracle", "f1": 0.4774, "precision": 0.5139, "recall": 0.4458, "fpr": 0.0868, "pr_auc": 0.4298, "roc_auc": 0.7451, "warned_early": 0, "episodes": 4, "mean_lead_windows": 0.0}
   {"target": "escalation", "threshold_mode": "oracle", "f1": 0.295, "precision": 0.3546, "recall": 0.2525, "fpr": 0.1176, "pr_auc": 0.2944, "roc_auc": 0.6507}

== fold: test=friday  train=['monday', 'tuesday', 'wednesday', 'thursday']  device=cuda
  epoch   0  total=10.597  recon=0.455  kl=0.224  comp=1.181  imag_comp=1.181
  epoch   1  total=10.130  recon=0.486  kl=0.408  comp=1.115  imag_comp=1.108
  epoch   2  total=8.275  recon=0.450  kl=0.860  comp=0.845  imag_comp=0.830
  epoch   3  total=7.107  recon=0.433  kl=0.545  comp=0.694  imag_comp=0.709
  epoch   4  total=6.436  recon=0.433  kl=0.776  comp=0.627  imag_comp=0.657
  epoch   5  total=5.754  recon=0.444  kl=0.453  comp=0.507  imag_comp=0.550
  epoch   6  total=5.386  recon=0.444  kl=0.646  comp=0.474  imag_comp=0.502
  epoch   7  total=4.907  recon=0.446  kl=0.392  comp=0.400  imag_comp=0.411
  epoch   8  total=4.604  recon=0.435  kl=0.703  comp=0.365  imag_comp=0.393
  epoch   9  total=4.409  recon=0.426  kl=0.502  comp=0.354  imag_comp=0.369
  epoch  10  total=4.197  recon=0.426  kl=0.621  comp=0.344  imag_comp=0.345
  epoch  11  total=4.028  recon=0.430  kl=0.629  comp=0.324  imag_comp=0.305
  epoch  12  total=3.848  recon=0.430  kl=0.400  comp=0.305  imag_comp=0.286
  epoch  13  total=3.733  recon=0.431  kl=0.667  comp=0.292  imag_comp=0.286
  epoch  14  total=3.666  recon=0.425  kl=0.823  comp=0.293  imag_comp=0.273
  epoch  15  total=3.497  recon=0.418  kl=0.711  comp=0.272  imag_comp=0.265
  epoch  16  total=3.334  recon=0.417  kl=0.325  comp=0.247  imag_comp=0.232
  epoch  17  total=3.298  recon=0.421  kl=0.447  comp=0.238  imag_comp=0.227
  epoch  18  total=3.413  recon=0.438  kl=0.532  comp=0.253  imag_comp=0.234
  epoch  19  total=3.228  recon=0.414  kl=0.559  comp=0.232  imag_comp=0.216
  epoch  20  total=3.290  recon=0.424  kl=0.579  comp=0.234  imag_comp=0.221
  epoch  21  total=3.204  recon=0.423  kl=0.592  comp=0.235  imag_comp=0.223
  epoch  22  total=3.166  recon=0.415  kl=0.591  comp=0.227  imag_comp=0.212
  epoch  23  total=3.260  recon=0.424  kl=0.603  comp=0.234  imag_comp=0.223
  epoch  24  total=3.229  recon=0.435  kl=0.609  comp=0.233  imag_comp=0.215
   {"target": "forecast", "threshold_mode": "train-tuned", "f1": 0.0, "precision": 0.0, "recall": 0.0, "fpr": 0.0927, "pr_auc": 0.1417, "roc_auc": 0.5581, "warned_early": 0, "episodes": 1, "mean_lead_windows": 0.0}
   {"target": "forecast", "threshold_mode": "alert-budget-5pct", "f1": 0.0913, "precision": 0.0965, "recall": 0.0866, "fpr": 0.1225, "pr_auc": 0.1417, "roc_auc": 0.5581, "warned_early": 0, "episodes": 1, "mean_lead_windows": 0.0}
   {"target": "forecast", "threshold_mode": "oracle", "f1": 0.259, "precision": 0.1585, "recall": 0.7087, "fpr": 0.5684, "pr_auc": 0.1417, "roc_auc": 0.5581, "warned_early": 1, "episodes": 1, "mean_lead_windows": 10.0}
   {"target": "escalation", "threshold_mode": "oracle", "f1": 0.293, "precision": 0.2023, "recall": 0.5306, "fpr": 0.2356, "pr_auc": 0.1558, "roc_auc": 0.655}

wrote models\m1v2-e19-s42/*.pt, results/tables/m1v2-e19-s42_*.csv, results/figures/e5_*, e6_*
