87 features x 1 view(s) = 87 model inputs; arch=rssm hazard=factorized curriculum=True

== fold: monday test=['monday']  train=['tuesday', 'wednesday', 'thursday', 'friday']  device=cuda
  curriculum: 120 pre-onset sequences
  epoch   0  total=20.692  recon=0.471  kl=0.297  comp=1.267  imag_comp=1.273
  epoch   1  total=19.121  recon=0.468  kl=0.568  comp=1.083  imag_comp=1.106
  epoch   2  total=17.679  recon=0.465  kl=0.777  comp=0.905  imag_comp=0.948
  epoch   3  total=16.033  recon=0.463  kl=0.589  comp=0.799  imag_comp=0.813
  epoch   4  total=15.059  recon=0.471  kl=0.769  comp=0.683  imag_comp=0.698
  epoch   5  total=13.728  recon=0.463  kl=0.757  comp=0.616  imag_comp=0.639
  epoch   6  total=12.643  recon=0.471  kl=0.766  comp=0.557  imag_comp=0.552
  epoch   7  total=11.740  recon=0.483  kl=0.474  comp=0.471  imag_comp=0.476
  epoch   8  total=10.555  recon=0.464  kl=0.686  comp=0.416  imag_comp=0.406
  epoch   9  total=9.936  recon=0.463  kl=0.808  comp=0.377  imag_comp=0.369
  epoch  10  total=9.104  recon=0.462  kl=0.720  comp=0.337  imag_comp=0.325
  epoch  11  total=8.885  recon=0.451  kl=0.536  comp=0.327  imag_comp=0.311
  epoch  12  total=8.964  recon=0.467  kl=0.831  comp=0.328  imag_comp=0.319
  epoch  13  total=8.600  recon=0.466  kl=0.438  comp=0.314  imag_comp=0.306
  epoch  14  total=8.257  recon=0.455  kl=0.429  comp=0.295  imag_comp=0.278
  epoch  15  total=8.292  recon=0.459  kl=0.524  comp=0.293  imag_comp=0.274
  epoch  16  total=7.823  recon=0.454  kl=0.587  comp=0.273  imag_comp=0.261
  epoch  17  total=7.703  recon=0.455  kl=0.626  comp=0.281  imag_comp=0.264
  epoch  18  total=7.843  recon=0.458  kl=0.650  comp=0.281  imag_comp=0.267
  epoch  19  total=7.562  recon=0.457  kl=0.674  comp=0.274  imag_comp=0.253
  epoch  20  total=7.483  recon=0.453  kl=0.695  comp=0.262  imag_comp=0.247
  epoch  21  total=7.558  recon=0.448  kl=0.704  comp=0.263  imag_comp=0.245
  epoch  22  total=7.443  recon=0.449  kl=0.721  comp=0.258  imag_comp=0.244
  epoch  23  total=7.717  recon=0.465  kl=0.729  comp=0.270  imag_comp=0.254
  epoch  24  total=7.248  recon=0.445  kl=0.730  comp=0.266  imag_comp=0.252
   {"target": "forecast", "threshold_mode": "train-tuned", "f1": 0.0, "precision": 0.0, "recall": 0.0, "fpr": 0.0565, "pr_auc": NaN, "roc_auc": NaN, "warned_early": 0, "episodes": 0, "mean_lead_windows": 0.0}
   {"target": "forecast", "threshold_mode": "alert-budget-5pct", "f1": 0.0, "precision": 0.0, "recall": 0.0, "fpr": 0.0246, "pr_auc": NaN, "roc_auc": NaN, "warned_early": 0, "episodes": 0, "mean_lead_windows": 0.0}
   {"target": "forecast", "threshold_mode": "oracle", "f1": 0.0, "precision": 0.0, "recall": 0.0, "fpr": 0.153, "pr_auc": NaN, "roc_auc": NaN, "warned_early": 0, "episodes": 0, "mean_lead_windows": 0.0}

== fold: tuesday test=['tuesday']  train=['monday', 'wednesday', 'thursday', 'friday']  device=cuda
  curriculum: 110 pre-onset sequences
  epoch   0  total=21.590  recon=0.457  kl=0.277  comp=1.301  imag_comp=1.302
  epoch   1  total=19.400  recon=0.464  kl=0.657  comp=1.132  imag_comp=1.177
  epoch   2  total=18.078  recon=0.459  kl=0.605  comp=0.955  imag_comp=0.997
  epoch   3  total=17.003  recon=0.456  kl=0.397  comp=0.817  imag_comp=0.853
  epoch   4  total=15.710  recon=0.456  kl=0.597  comp=0.740  imag_comp=0.766
  epoch   5  total=14.634  recon=0.446  kl=0.607  comp=0.593  imag_comp=0.633
  epoch   6  total=13.682  recon=0.460  kl=0.546  comp=0.547  imag_comp=0.584
  epoch   7  total=12.467  recon=0.451  kl=0.873  comp=0.442  imag_comp=0.452
  epoch   8  total=11.777  recon=0.450  kl=0.625  comp=0.401  imag_comp=0.429
  epoch   9  total=11.931  recon=0.455  kl=0.598  comp=0.392  imag_comp=0.408
  epoch  10  total=10.628  recon=0.453  kl=0.400  comp=0.382  imag_comp=0.382
  epoch  11  total=9.523  recon=0.441  kl=0.393  comp=0.311  imag_comp=0.305
  epoch  12  total=9.829  recon=0.444  kl=0.461  comp=0.310  imag_comp=0.299
  epoch  13  total=9.466  recon=0.448  kl=0.530  comp=0.306  imag_comp=0.309
  epoch  14  total=8.807  recon=0.442  kl=0.627  comp=0.293  imag_comp=0.275
  epoch  15  total=8.857  recon=0.436  kl=0.734  comp=0.276  imag_comp=0.278
  epoch  16  total=8.503  recon=0.442  kl=0.537  comp=0.275  imag_comp=0.259
  epoch  17  total=8.611  recon=0.441  kl=0.535  comp=0.276  imag_comp=0.270
  epoch  18  total=8.316  recon=0.440  kl=0.555  comp=0.255  imag_comp=0.248
  epoch  19  total=8.239  recon=0.450  kl=0.590  comp=0.265  imag_comp=0.249
  epoch  20  total=8.422  recon=0.437  kl=0.612  comp=0.273  imag_comp=0.259
  epoch  21  total=8.415  recon=0.433  kl=0.545  comp=0.253  imag_comp=0.244
  epoch  22  total=8.318  recon=0.436  kl=0.533  comp=0.263  imag_comp=0.248
  epoch  23  total=8.338  recon=0.439  kl=0.531  comp=0.259  imag_comp=0.249
  epoch  24  total=8.128  recon=0.432  kl=0.524  comp=0.258  imag_comp=0.243
   {"target": "forecast", "threshold_mode": "train-tuned", "f1": 0.0, "precision": 0.0, "recall": 0.0, "fpr": 0.2674, "pr_auc": NaN, "roc_auc": NaN, "warned_early": 0, "episodes": 0, "mean_lead_windows": 0.0}
   {"target": "forecast", "threshold_mode": "alert-budget-5pct", "f1": 0.0, "precision": 0.0, "recall": 0.0, "fpr": 0.1434, "pr_auc": NaN, "roc_auc": NaN, "warned_early": 0, "episodes": 0, "mean_lead_windows": 0.0}
   {"target": "forecast", "threshold_mode": "oracle", "f1": 0.0, "precision": 0.0, "recall": 0.0, "fpr": 0.3422, "pr_auc": NaN, "roc_auc": NaN, "warned_early": 0, "episodes": 0, "mean_lead_windows": 0.0}
   {"target": "escalation", "threshold_mode": "oracle", "f1": 0.1765, "precision": 0.75, "recall": 0.1, "fpr": 0.0011, "pr_auc": 0.1664, "roc_auc": 0.6768}

== fold: wednesday test=['wednesday']  train=['monday', 'tuesday', 'thursday', 'friday']  device=cuda
  curriculum: 85 pre-onset sequences
  epoch   0  total=21.688  recon=0.465  kl=0.207  comp=1.293  imag_comp=1.293
  epoch   1  total=20.211  recon=0.469  kl=0.523  comp=1.151  imag_comp=1.244
  epoch   2  total=18.584  recon=0.463  kl=0.810  comp=0.965  imag_comp=0.989
  epoch   3  total=17.022  recon=0.457  kl=0.327  comp=0.786  imag_comp=0.804
  epoch   4  total=16.094  recon=0.470  kl=0.546  comp=0.669  imag_comp=0.730
  epoch   5  total=14.815  recon=0.464  kl=0.613  comp=0.585  imag_comp=0.632
  epoch   6  total=13.610  recon=0.457  kl=0.544  comp=0.510  imag_comp=0.531
  epoch   7  total=12.400  recon=0.472  kl=0.712  comp=0.412  imag_comp=0.406
  epoch   8  total=11.625  recon=0.473  kl=0.468  comp=0.384  imag_comp=0.380
  epoch   9  total=10.704  recon=0.469  kl=0.438  comp=0.335  imag_comp=0.330
  epoch  10  total=10.298  recon=0.470  kl=0.477  comp=0.328  imag_comp=0.319
  epoch  11  total=9.710  recon=0.459  kl=0.642  comp=0.301  imag_comp=0.296
  epoch  12  total=9.068  recon=0.459  kl=0.745  comp=0.275  imag_comp=0.257
  epoch  13  total=8.908  recon=0.451  kl=0.753  comp=0.280  imag_comp=0.261
  epoch  14  total=8.493  recon=0.457  kl=0.462  comp=0.254  imag_comp=0.236
  epoch  15  total=8.451  recon=0.461  kl=0.485  comp=0.254  imag_comp=0.239
  epoch  16  total=8.153  recon=0.459  kl=0.521  comp=0.245  imag_comp=0.222
  epoch  17  total=7.881  recon=0.447  kl=0.557  comp=0.237  imag_comp=0.221
  epoch  18  total=7.928  recon=0.463  kl=0.496  comp=0.254  imag_comp=0.229
  epoch  19  total=7.924  recon=0.457  kl=0.488  comp=0.242  imag_comp=0.227
  epoch  20  total=7.765  recon=0.459  kl=0.477  comp=0.238  imag_comp=0.215
  epoch  21  total=7.796  recon=0.460  kl=0.496  comp=0.236  imag_comp=0.217
  epoch  22  total=7.828  recon=0.454  kl=0.491  comp=0.240  imag_comp=0.218
  epoch  23  total=7.502  recon=0.450  kl=0.490  comp=0.232  imag_comp=0.213
  epoch  24  total=7.860  recon=0.459  kl=0.484  comp=0.231  imag_comp=0.207
   {"target": "forecast", "threshold_mode": "train-tuned", "f1": 0.0, "precision": 0.0, "recall": 0.0, "fpr": 0.0256, "pr_auc": NaN, "roc_auc": NaN, "warned_early": 0, "episodes": 0, "mean_lead_windows": 0.0}
   {"target": "forecast", "threshold_mode": "alert-budget-5pct", "f1": 0.0, "precision": 0.0, "recall": 0.0, "fpr": 0.0049, "pr_auc": NaN, "roc_auc": NaN, "warned_early": 0, "episodes": 0, "mean_lead_windows": 0.0}
   {"target": "forecast", "threshold_mode": "oracle", "f1": 0.0, "precision": 0.0, "recall": 0.0, "fpr": 0.2183, "pr_auc": NaN, "roc_auc": NaN, "warned_early": 0, "episodes": 0, "mean_lead_windows": 0.0}
   {"target": "escalation", "threshold_mode": "oracle", "f1": 0.2392, "precision": 0.1572, "recall": 0.5, "fpr": 0.1386, "pr_auc": 0.1095, "roc_auc": 0.7701}

== fold: thursday test=['thursday']  train=['monday', 'tuesday', 'wednesday', 'friday']  device=cuda
  curriculum: 85 pre-onset sequences
  epoch   0  total=20.716  recon=0.444  kl=0.277  comp=1.232  imag_comp=1.225
  epoch   1  total=18.738  recon=0.446  kl=0.572  comp=1.017  imag_comp=1.022
  epoch   2  total=17.345  recon=0.458  kl=0.836  comp=0.790  imag_comp=0.800
  epoch   3  total=15.863  recon=0.454  kl=0.776  comp=0.650  imag_comp=0.634
  epoch   4  total=14.796  recon=0.452  kl=0.616  comp=0.560  imag_comp=0.593
  epoch   5  total=13.008  recon=0.446  kl=0.625  comp=0.500  imag_comp=0.486
  epoch   6  total=11.049  recon=0.451  kl=0.708  comp=0.399  imag_comp=0.379
  epoch   7  total=10.083  recon=0.442  kl=0.585  comp=0.329  imag_comp=0.296
  epoch   8  total=8.937  recon=0.452  kl=0.508  comp=0.274  imag_comp=0.246
  epoch   9  total=8.532  recon=0.436  kl=0.657  comp=0.241  imag_comp=0.205
  epoch  10  total=8.046  recon=0.434  kl=0.565  comp=0.239  imag_comp=0.209
  epoch  11  total=7.633  recon=0.434  kl=0.433  comp=0.213  imag_comp=0.174
  epoch  12  total=7.340  recon=0.431  kl=0.523  comp=0.176  imag_comp=0.160
  epoch  13  total=7.239  recon=0.437  kl=0.577  comp=0.169  imag_comp=0.152
  epoch  14  total=6.978  recon=0.429  kl=0.668  comp=0.169  imag_comp=0.143
  epoch  15  total=6.775  recon=0.436  kl=0.723  comp=0.158  imag_comp=0.137
  epoch  16  total=6.730  recon=0.434  kl=0.707  comp=0.155  imag_comp=0.133
  epoch  17  total=6.842  recon=0.428  kl=0.436  comp=0.145  imag_comp=0.125
  epoch  18  total=6.734  recon=0.431  kl=0.437  comp=0.146  imag_comp=0.125
  epoch  19  total=6.521  recon=0.437  kl=0.456  comp=0.141  imag_comp=0.126
  epoch  20  total=6.529  recon=0.427  kl=0.466  comp=0.146  imag_comp=0.126
  epoch  21  total=6.585  recon=0.424  kl=0.471  comp=0.139  imag_comp=0.119
  epoch  22  total=6.446  recon=0.427  kl=0.484  comp=0.138  imag_comp=0.119
  epoch  23  total=6.528  recon=0.433  kl=0.485  comp=0.139  imag_comp=0.121
  epoch  24  total=6.566  recon=0.430  kl=0.492  comp=0.135  imag_comp=0.119
   {"target": "forecast", "threshold_mode": "train-tuned", "f1": 0.0, "precision": 0.0, "recall": 0.0, "fpr": 0.0, "pr_auc": 0.2864, "roc_auc": 0.6701, "warned_early": 0, "episodes": 4, "mean_lead_windows": 0.0}
   {"target": "forecast", "threshold_mode": "alert-budget-5pct", "f1": 0.0, "precision": 0.0, "recall": 0.0, "fpr": 0.0025, "pr_auc": 0.2864, "roc_auc": 0.6701, "warned_early": 0, "episodes": 4, "mean_lead_windows": 0.0}
   {"target": "forecast", "threshold_mode": "oracle", "f1": 0.0273, "precision": 0.0556, "recall": 0.0181, "fpr": 0.0633, "pr_auc": 0.2864, "roc_auc": 0.6701, "warned_early": 0, "episodes": 4, "mean_lead_windows": 0.0}
   {"target": "escalation", "threshold_mode": "oracle", "f1": 0.3184, "precision": 0.3137, "recall": 0.3232, "fpr": 0.1809, "pr_auc": 0.321, "roc_auc": 0.6371}

== fold: friday test=['friday']  train=['monday', 'tuesday', 'wednesday', 'thursday']  device=cuda
  curriculum: 80 pre-onset sequences
  epoch   0  total=22.781  recon=0.456  kl=0.279  comp=1.290  imag_comp=1.286
  epoch   1  total=20.199  recon=0.455  kl=0.679  comp=1.139  imag_comp=1.216
  epoch   2  total=17.866  recon=0.453  kl=0.535  comp=0.872  imag_comp=0.885
  epoch   3  total=16.082  recon=0.447  kl=0.579  comp=0.702  imag_comp=0.686
  epoch   4  total=14.333  recon=0.449  kl=0.684  comp=0.555  imag_comp=0.558
  epoch   5  total=12.425  recon=0.454  kl=0.696  comp=0.449  imag_comp=0.430
  epoch   6  total=11.167  recon=0.469  kl=0.773  comp=0.386  imag_comp=0.371
  epoch   7  total=10.186  recon=0.448  kl=0.536  comp=0.336  imag_comp=0.311
  epoch   8  total=9.446  recon=0.468  kl=0.395  comp=0.322  imag_comp=0.270
  epoch   9  total=8.831  recon=0.445  kl=0.514  comp=0.290  imag_comp=0.254
  epoch  10  total=8.205  recon=0.442  kl=0.648  comp=0.266  imag_comp=0.244
  epoch  11  total=8.055  recon=0.445  kl=0.811  comp=0.272  imag_comp=0.234
  epoch  12  total=7.685  recon=0.442  kl=0.596  comp=0.242  imag_comp=0.207
  epoch  13  total=7.460  recon=0.451  kl=0.451  comp=0.232  imag_comp=0.202
  epoch  14  total=7.197  recon=0.442  kl=0.492  comp=0.223  imag_comp=0.197
  epoch  15  total=7.114  recon=0.441  kl=0.403  comp=0.217  imag_comp=0.190
  epoch  16  total=7.088  recon=0.437  kl=0.417  comp=0.228  imag_comp=0.184
  epoch  17  total=6.896  recon=0.442  kl=0.451  comp=0.212  imag_comp=0.182
  epoch  18  total=6.861  recon=0.461  kl=0.476  comp=0.213  imag_comp=0.180
  epoch  19  total=6.789  recon=0.450  kl=0.507  comp=0.203  imag_comp=0.177
  epoch  20  total=6.670  recon=0.438  kl=0.507  comp=0.201  imag_comp=0.170
  epoch  21  total=6.729  recon=0.446  kl=0.532  comp=0.211  imag_comp=0.181
  epoch  22  total=6.720  recon=0.438  kl=0.542  comp=0.224  imag_comp=0.188
  epoch  23  total=6.684  recon=0.440  kl=0.535  comp=0.210  imag_comp=0.181
  epoch  24  total=6.713  recon=0.440  kl=0.541  comp=0.213  imag_comp=0.181
   {"target": "forecast", "threshold_mode": "train-tuned", "f1": 0.05, "precision": 0.0685, "recall": 0.0394, "fpr": 0.0809, "pr_auc": 0.1351, "roc_auc": 0.5404, "warned_early": 0, "episodes": 1, "mean_lead_windows": 0.0}
   {"target": "forecast", "threshold_mode": "alert-budget-5pct", "f1": 0.0465, "precision": 0.0568, "recall": 0.0394, "fpr": 0.0987, "pr_auc": 0.1351, "roc_auc": 0.5404, "warned_early": 0, "episodes": 1, "mean_lead_windows": 0.0}
   {"target": "forecast", "threshold_mode": "oracle", "f1": 0.2458, "precision": 0.1681, "recall": 0.4567, "fpr": 0.3413, "pr_auc": 0.1351, "roc_auc": 0.5404, "warned_early": 1, "episodes": 1, "mean_lead_windows": 7.0}
   {"target": "escalation", "threshold_mode": "oracle", "f1": 0.2581, "precision": 0.1608, "recall": 0.6531, "fpr": 0.3839, "pr_auc": 0.1267, "roc_auc": 0.6086}

wrote models\m1v2-e23-s43/*.pt, results/tables/m1v2-e23-s43_*.csv, results/figures/e5_*, e6_*
