WARNING: No libpcap provider available ! pcap won't be used
                          block_as_served  mean_rel_diff_as_served  max_rel_diff_as_served  median_ratio_as_served block_deduplicated  mean_rel_diff_deduplicated  max_rel_diff_deduplicated  median_ratio_deduplicated
feature                                                                                                                                                                                                                
bwd_init_win_mean                    flow                12.914627               78.520927                 11.1107               flow                   12.992044                  78.520927                    11.2387
active_mean_mean                     flow                 6.546057               44.990633                  5.4547               flow                    6.597874                  45.156400                     5.4578
ports_per_pair_max                   flow                 2.039583               12.000000                  1.2000               flow                    2.035119                  12.000000                     1.1000
pkt_len_max_max                       pkt                 0.544758                7.163560                  1.0000                pkt                    0.544758                   7.163560                     1.0000
uniq_dst_port                        flow                 2.040034                6.222222                  2.9129               flow                    1.878519                   5.888889                     2.7817
port_fanout_max                      flow                 1.082207                5.200000                  1.1429               flow                    1.070089                   5.200000                     1.0000
uniq_src_ip                          flow                 0.877304                2.636364                  1.8516               flow                    0.877304                   2.636364                     1.8516
rst_cnt_sum                          flow                 0.190824                2.500000                  1.0216               flow                    0.174029                   2.500000                     0.9911
pkt_win_distinct                      pkt                 0.600572                2.222222                  1.5000                pkt                    0.592283                   2.222222                     1.5000
pkt_win_entropy                       pkt                 0.353161                1.429644                  1.3282                pkt                    0.347828                   1.423882                     1.3225
flow_iat_min_min                     flow                 0.698226                1.192093                     NaN               flow                    0.698226                   1.192093                        NaN
pkt_len_mean_mean                     pkt                 0.126195                1.073570                  0.9485                pkt                    0.121027                   1.152553                     0.9574
seq_port_ratio                       flow                 0.133168                0.909091                  0.9048               flow                    0.091659                   0.952381                     0.8889
pkt_iat_cv_median                     pkt                 0.001539                0.025591                  1.0000                pkt                    0.285357                   0.758343                     1.2668
inbound_bytes                        flow                 0.061121                0.695156                  1.0000               flow                    0.061124                   0.695156                     1.0000
fanout_mean                          flow                 0.361589                0.685371                  0.6234               flow                    0.364964                   0.686572                     0.6194
bytes_max                            flow                 0.026775                0.673755                  1.0000               flow                    0.026775                   0.673755                     1.0000
bytes_mean                           flow                 0.107429                0.637901                  0.9317               flow                    0.113556                   0.671341                     0.9256
bytes_total                          flow                 0.055424                0.590353                  1.0000               flow                    0.058568                   0.628183                     0.9922
bytes_per_s                          flow                 0.055424                0.590353                  1.0000               flow                    0.058568                   0.628183                     0.9922
pkts_mean                            flow                 0.104754                0.397439                  0.9213               flow                    0.160450                   0.546781                     0.8633
tiny_flow_rate                       flow                 0.076921                0.264390                  1.2872               flow                    0.400633                   0.527598                     3.0260
pkts_per_s                           flow                 0.028890                0.318315                  0.9986               flow                    0.074648                   0.487267                     0.9386
pkts_total                           flow                 0.028890                0.318315                  0.9986               flow                    0.074648                   0.487267                     0.9386
ack_cnt_sum                          flow                 0.028700                0.318822                  1.0001               flow                    0.040292                   0.456466                     0.9834
dst_port_entropy                     flow                 0.212148                0.439441                  1.2029               flow                    0.189704                   0.429069                     1.1792
uniq_dst_ip                          flow                 0.076288                0.404255                  1.0506               flow                    0.074319                   0.404255                     1.0496
n_flows                              flow                 0.119208                0.424658                  1.0868               flow                    0.112286                   0.400685                     1.0767
flows_per_s                          flow                 0.119208                0.424658                  1.0868               flow                    0.112286                   0.400685                     1.0767
pkt_win_zero_rate                     pkt                 0.108000                0.366310                  8.9011                pkt                    0.097859                   0.366310                     8.1288
fanout_max                           flow                 0.036953                0.363636                  1.0000               flow                    0.036953                   0.363636                     1.0000
psh_cnt_sum                          flow                 0.010300                0.125546                  1.0000               flow                    0.062448                   0.340674                     0.9548
flow_iat_std_mean                    flow                 0.098965                0.368566                  0.9151               flow                    0.090232                   0.323377                     0.9288
beacon_score                         flow                 0.023647                0.319092                  1.0000               flow                    0.021283                   0.319092                     1.0000
idle_mean_mean                       flow                 0.099951                0.321204                  0.9154               flow                    0.094966                   0.309587                     0.9208
pkt_bwd_iat_std_mean                  pkt                 0.093061                0.294103                  0.9310                pkt                    0.092246                   0.309469                     0.9391
pkt_fwd_iat_std_mean                  pkt                 0.101178                0.294628                  0.9213                pkt                    0.090385                   0.308455                     0.9323
flow_iat_mean_mean                   flow                 0.097646                0.337615                  0.9162               flow                    0.079481                   0.299743                     0.9410
duration_s_mean                      flow                 0.105598                0.310104                  0.9162               flow                    0.100471                   0.298297                     0.9213
byte_asymmetry                       flow                 0.007741                0.286204                  1.0000               flow                    0.007823                   0.285293                     1.0000
syn_cnt_sum                          flow                 0.000324                0.017391                  1.0000               flow                    0.054955                   0.277778                     0.9661
uniq_src_port                        flow                 0.031568                0.270833                  1.0163               flow                    0.028867                   0.270833                     1.0145
fwd_init_win_mean                    flow                 0.085990                0.275598                  0.9316               flow                    0.081170                   0.270099                     0.9413
pkt_bwd_len_std_mean                  pkt                 0.096147                0.274958                  0.9295                pkt                    0.087281                   0.268431                     0.9389
pkt_fwd_len_std_mean                  pkt                 0.093977                0.283558                  0.9256                pkt                    0.085348                   0.263073                     0.9421
pkt_len_std_mean                      pkt                 0.091834                0.272179                  0.9326                pkt                    0.069817                   0.261471                     0.9659
has_rst_rate                         flow                 0.079880                0.243795                  1.6474               flow                    0.074930                   0.239640                     1.6208
pkt_win_small_rate                    pkt                 0.071317                0.235165                  1.8340                pkt                    0.072052                   0.238953                     1.8596
src_ip_entropy                       flow                 0.092781                0.238127                  1.0824               flow                    0.092038                   0.238229                     1.0825
outbound_bytes                       flow                 0.011055                0.236924                  1.0000               flow                    0.011446                   0.236924                     0.9998
down_up_ratio_mean                   flow                 0.066327                0.221550                  0.9432               flow                    0.061562                   0.217361                     0.9483
one_way_rate                         flow                 0.065242                0.217046                  5.2467               flow                    0.060644                   0.212177                     5.0097
fin_cnt_sum                          flow                 0.008636                0.097561                  1.0000               flow                    0.032510                   0.205128                     0.9794
dst_ip_entropy                       flow                 0.061442                0.203000                  1.0540               flow                    0.058377                   0.203000                     1.0506
pkt_payload_gt1024_rate               pkt                 0.016487                0.204676                  1.0035                pkt                    0.031382                   0.171854                     1.0719
fwd_seg_size_min_mean                flow                 0.068998                0.166466                  1.0630               flow                    0.066802                   0.166397                     1.0624
proto_udp_rate                       flow                 0.058317                0.151170                  0.9189               flow                    0.055050                   0.151170                     0.9240
proto_tcp_rate                       flow                 0.059670                0.151170                  1.1496               flow                    0.056403                   0.151170                     1.1436
pkt_fwd_hdr_per_pkt_mean              pkt                 0.026586                0.144204                  0.9819                pkt                    0.024372                   0.144204                     0.9833
fwd_init_win_std                     flow                 0.032903                0.134785                  0.9778               flow                    0.031437                   0.134785                     0.9793
is_internal_rate                     flow                 0.049382                0.132016                  0.9328               flow                    0.051926                   0.132016                     0.9291
pkt_payload_65_512_rate               pkt                 0.010121                0.193002                  0.9970                pkt                    0.026890                   0.130137                     0.9412
svc_https_rate                       flow                 0.019034                0.129773                  1.0205               flow                    0.019788                   0.129773                     1.0237
svc_dns_rate                         flow                 0.051833                0.118014                  0.9202               flow                    0.048984                   0.118014                     0.9287
has_fin_rate                         flow                 0.016606                0.120496                  1.0043               flow                    0.016258                   0.117617                     1.0082
is_inbound_rate                      flow                 0.042133                0.108963                  1.7483               flow                    0.042623                   0.116512                     1.7483
pkt_payload_513_1024_rate             pkt                 0.005358                0.027260                  1.0015                pkt                    0.016969                   0.110620                     1.0642
is_outbound_rate                     flow                 0.012796                0.104619                  1.0108               flow                    0.013981                   0.104619                     1.0157
top_talker_share                     flow                 0.026488                0.108439                  0.9542               flow                    0.025366                   0.103352                     0.9593
priv_port_rate                       flow                 0.043370                0.104090                  0.9607               flow                    0.038754                   0.098771                     0.9682
ephemeral_dst_rate                   flow                 0.041685                0.100962                 14.8750               flow                    0.037418                   0.095355                    14.2726
svc_ftp_rate                         flow                 0.013980                0.078064                  1.2750               flow                    0.014271                   0.084994                     1.2877
pkt_bwd_rst_rate                      pkt                 0.021591                0.078463                  1.2538                pkt                    0.021546                   0.080635                     1.2525
pkt_payload_1_64_rate                 pkt                 0.006541                0.056157                  0.9963                pkt                    0.018588                   0.073211                     0.8358
flow_iat_max_max                     flow                 0.000568                0.063635                  1.0000               flow                    0.000568                   0.063635                     1.0000
pkt_payload_0_rate                    pkt                 0.007566                0.060032                  1.1545                pkt                    0.007704                   0.054722                     1.1752
svc_http_rate                        flow                 0.006805                0.036718                  0.9202               flow                    0.006512                   0.036134                     0.9287
duration_s_max                       flow                 0.000437                0.035196                  1.0000               flow                    0.000437                   0.035196                     1.0000
pkt_syn_probe_rate                    pkt                 0.000543                0.012804                  0.9298                pkt                    0.000786                   0.023589                     0.9232
svc_smb_rate                         flow                 0.001457                0.010850                  0.7911               flow                    0.001193                   0.010850                     0.4881
syn_no_ack_rate                      flow                 0.000347                0.007117                  0.9304               flow                    0.000590                   0.008596                     0.9542
proto_icmp_rate                      flow                 0.000080                0.004975                  0.0000               flow                    0.000080                   0.004975                     0.0000
svc_ssh_rate                         flow                 0.000683                0.004690                  0.9224               flow                    0.000641                   0.004690                     0.9289
svc_smtp_rate                        flow                 0.000104                0.001594                  0.9289               flow                    0.000099                   0.001419                     0.9300
urg_cnt_sum                          flow                 0.000000                0.000000                     NaN               flow                    0.000000                   0.000000                        NaN
svc_db_rate                          flow                 0.000000                0.000000                     NaN               flow                    0.000000                   0.000000                        NaN
svc_rdp_rate                         flow                 0.000000                0.000000                     NaN               flow                    0.000000                   0.000000                        NaN
{'pcap': 'data/cic-2017-pcap/tuesday_1300_1400.pcap', 'day': 'tuesday', 'flows_as_served': 46799, 'flows_deduplicated': 46631, 'duplicates_dropped': 54158, 'session_cap_drops': 0, 'features': 87, 'exact_as_served': 3, 'exact_deduplicated': 3, 'median_ratio': {'pkts_total': {'as_served': np.float64(0.9986), 'deduplicated': np.float64(0.9386)}, 'syn_cnt_sum': {'as_served': np.float64(1.0), 'deduplicated': np.float64(0.9661)}, 'ack_cnt_sum': {'as_served': np.float64(1.0001), 'deduplicated': np.float64(0.9834)}, 'psh_cnt_sum': {'as_served': np.float64(1.0), 'deduplicated': np.float64(0.9548)}, 'n_flows': {'as_served': np.float64(1.0868), 'deduplicated': np.float64(1.0767)}, 'tiny_flow_rate': {'as_served': np.float64(1.2872), 'deduplicated': np.float64(3.026)}}}
exit=0
