
== fold: test=tuesday  train=['monday', 'wednesday', 'thursday', 'friday']  device=cuda
  epoch   0  total=11.055  recon=0.482  kl=0.227  comp=1.235  imag_comp=1.238
  epoch   1  total=10.551  recon=0.480  kl=0.277  comp=1.159  imag_comp=1.163
  epoch   2  total=9.900  recon=0.476  kl=0.490  comp=1.076  imag_comp=1.061
  epoch   3  total=8.982  recon=0.476  kl=0.818  comp=0.946  imag_comp=0.929
  epoch   4  total=7.904  recon=0.471  kl=0.543  comp=0.792  imag_comp=0.788
  epoch   5  total=7.354  recon=0.470  kl=0.716  comp=0.714  imag_comp=0.723
  epoch   6  total=6.604  recon=0.472  kl=0.475  comp=0.623  imag_comp=0.629
  epoch   7  total=6.322  recon=0.474  kl=0.357  comp=0.591  imag_comp=0.602
  epoch   8  total=5.912  recon=0.475  kl=0.497  comp=0.538  imag_comp=0.527
  epoch   9  total=5.539  recon=0.473  kl=0.661  comp=0.508  imag_comp=0.494
  epoch  10  total=5.307  recon=0.470  kl=0.811  comp=0.471  imag_comp=0.468
  epoch  11  total=5.101  recon=0.470  kl=0.841  comp=0.436  imag_comp=0.455
  epoch  12  total=4.937  recon=0.468  kl=0.465  comp=0.426  imag_comp=0.445
  epoch  13  total=4.730  recon=0.470  kl=0.509  comp=0.402  imag_comp=0.426
  epoch  14  total=4.684  recon=0.469  kl=0.539  comp=0.391  imag_comp=0.425
  epoch  15  total=4.645  recon=0.469  kl=0.578  comp=0.393  imag_comp=0.426
  epoch  16  total=4.461  recon=0.470  kl=0.628  comp=0.367  imag_comp=0.399
  epoch  17  total=4.446  recon=0.470  kl=0.691  comp=0.372  imag_comp=0.405
  epoch  18  total=4.416  recon=0.468  kl=0.749  comp=0.355  imag_comp=0.403
  epoch  19  total=4.317  recon=0.469  kl=0.798  comp=0.354  imag_comp=0.386
  epoch  20  total=4.287  recon=0.469  kl=0.838  comp=0.346  imag_comp=0.385
  epoch  21  total=4.301  recon=0.468  kl=0.645  comp=0.346  imag_comp=0.382
  epoch  22  total=4.300  recon=0.471  kl=0.580  comp=0.353  imag_comp=0.388
  epoch  23  total=4.231  recon=0.468  kl=0.582  comp=0.345  imag_comp=0.374
  epoch  24  total=4.224  recon=0.468  kl=0.561  comp=0.338  imag_comp=0.367
   {"target": "forecast", "threshold_mode": "train-tuned", "f1": 0.0, "precision": 0.0, "recall": 0.0, "fpr": 0.0061, "pr_auc": NaN, "roc_auc": NaN, "warned_early": 0, "episodes": 0, "mean_lead_windows": 0.0}
   {"target": "forecast", "threshold_mode": "alert-budget-5pct", "f1": 0.0, "precision": 0.0, "recall": 0.0, "fpr": 0.0, "pr_auc": NaN, "roc_auc": NaN, "warned_early": 0, "episodes": 0, "mean_lead_windows": 0.0}
   {"target": "forecast", "threshold_mode": "oracle", "f1": 0.0, "precision": 0.0, "recall": 0.0, "fpr": 0.6568, "pr_auc": NaN, "roc_auc": NaN, "warned_early": 0, "episodes": 0, "mean_lead_windows": 0.0}
   {"target": "escalation", "threshold_mode": "oracle", "f1": 0.0654, "precision": 0.0338, "recall": 1.0, "fpr": 0.907, "pr_auc": 0.0262, "roc_auc": 0.4407}

== fold: test=wednesday  train=['monday', 'tuesday', 'thursday', 'friday']  device=cuda
  epoch   0  total=10.691  recon=0.486  kl=0.257  comp=1.165  imag_comp=1.173
  epoch   1  total=10.342  recon=0.480  kl=0.309  comp=1.123  imag_comp=1.130
  epoch   2  total=9.645  recon=0.479  kl=0.700  comp=1.042  imag_comp=1.036
  epoch   3  total=8.826  recon=0.481  kl=0.475  comp=0.907  imag_comp=0.926
  epoch   4  total=7.926  recon=0.483  kl=0.576  comp=0.785  imag_comp=0.797
  epoch   5  total=7.349  recon=0.478  kl=0.764  comp=0.705  imag_comp=0.720
  epoch   6  total=6.787  recon=0.478  kl=0.407  comp=0.661  imag_comp=0.666
  epoch   7  total=6.012  recon=0.477  kl=0.750  comp=0.585  imag_comp=0.573
  epoch   8  total=5.538  recon=0.475  kl=0.565  comp=0.532  imag_comp=0.506
  epoch   9  total=5.183  recon=0.478  kl=0.663  comp=0.504  imag_comp=0.455
  epoch  10  total=4.891  recon=0.475  kl=0.888  comp=0.460  imag_comp=0.441
  epoch  11  total=4.704  recon=0.478  kl=0.474  comp=0.442  imag_comp=0.404
  epoch  12  total=4.407  recon=0.476  kl=0.659  comp=0.409  imag_comp=0.366
  epoch  13  total=4.412  recon=0.473  kl=0.413  comp=0.392  imag_comp=0.364
  epoch  14  total=4.221  recon=0.475  kl=0.397  comp=0.379  imag_comp=0.347
  epoch  15  total=4.339  recon=0.470  kl=0.439  comp=0.398  imag_comp=0.377
  epoch  16  total=4.080  recon=0.470  kl=0.467  comp=0.364  imag_comp=0.336
  epoch  17  total=4.092  recon=0.472  kl=0.495  comp=0.368  imag_comp=0.337
  epoch  18  total=4.037  recon=0.474  kl=0.512  comp=0.363  imag_comp=0.323
  epoch  19  total=4.006  recon=0.471  kl=0.557  comp=0.348  imag_comp=0.322
  epoch  20  total=3.943  recon=0.470  kl=0.556  comp=0.335  imag_comp=0.312
  epoch  21  total=3.889  recon=0.473  kl=0.573  comp=0.332  imag_comp=0.307
  epoch  22  total=3.907  recon=0.472  kl=0.582  comp=0.334  imag_comp=0.311
  epoch  23  total=3.922  recon=0.470  kl=0.587  comp=0.344  imag_comp=0.304
  epoch  24  total=3.999  recon=0.471  kl=0.600  comp=0.350  imag_comp=0.328
   {"target": "forecast", "threshold_mode": "train-tuned", "f1": 0.0, "precision": 0.0, "recall": 0.0, "fpr": 0.0256, "pr_auc": NaN, "roc_auc": NaN, "warned_early": 0, "episodes": 0, "mean_lead_windows": 0.0}
   {"target": "forecast", "threshold_mode": "alert-budget-5pct", "f1": 0.0, "precision": 0.0, "recall": 0.0, "fpr": 0.0, "pr_auc": NaN, "roc_auc": NaN, "warned_early": 0, "episodes": 0, "mean_lead_windows": 0.0}
   {"target": "forecast", "threshold_mode": "oracle", "f1": 0.0, "precision": 0.0, "recall": 0.0, "fpr": 0.762, "pr_auc": NaN, "roc_auc": NaN, "warned_early": 0, "episodes": 0, "mean_lead_windows": 0.0}
   {"target": "escalation", "threshold_mode": "oracle", "f1": 0.52, "precision": 0.39, "recall": 0.78, "fpr": 0.0631, "pr_auc": 0.3184, "roc_auc": 0.8995}

== fold: test=thursday  train=['monday', 'tuesday', 'wednesday', 'friday']  device=cuda
  epoch   0  total=10.905  recon=0.481  kl=0.200  comp=1.213  imag_comp=1.225
  epoch   1  total=10.048  recon=0.478  kl=0.361  comp=1.087  imag_comp=1.083
  epoch   2  total=9.505  recon=0.475  kl=0.731  comp=1.026  imag_comp=1.013
  epoch   3  total=8.841  recon=0.469  kl=0.389  comp=0.947  imag_comp=0.953
  epoch   4  total=8.208  recon=0.473  kl=0.557  comp=0.840  imag_comp=0.845
  epoch   5  total=6.858  recon=0.476  kl=0.835  comp=0.646  imag_comp=0.636
  epoch   6  total=5.743  recon=0.476  kl=0.648  comp=0.501  imag_comp=0.482
  epoch   7  total=5.267  recon=0.477  kl=0.443  comp=0.424  imag_comp=0.420
  epoch   8  total=4.773  recon=0.476  kl=0.739  comp=0.373  imag_comp=0.376
  epoch   9  total=4.520  recon=0.474  kl=0.405  comp=0.344  imag_comp=0.363
  epoch  10  total=4.282  recon=0.474  kl=0.451  comp=0.313  imag_comp=0.337
  epoch  11  total=4.155  recon=0.474  kl=0.607  comp=0.320  imag_comp=0.320
  epoch  12  total=3.933  recon=0.474  kl=0.679  comp=0.284  imag_comp=0.301
  epoch  13  total=3.754  recon=0.474  kl=0.697  comp=0.264  imag_comp=0.287
  epoch  14  total=3.742  recon=0.473  kl=0.719  comp=0.258  imag_comp=0.281
  epoch  15  total=3.665  recon=0.475  kl=0.751  comp=0.244  imag_comp=0.273
  epoch  16  total=3.618  recon=0.472  kl=0.616  comp=0.239  imag_comp=0.266
  epoch  17  total=3.577  recon=0.473  kl=0.472  comp=0.234  imag_comp=0.268
  epoch  18  total=3.483  recon=0.473  kl=0.445  comp=0.221  imag_comp=0.258
  epoch  19  total=3.568  recon=0.475  kl=0.456  comp=0.227  imag_comp=0.268
  epoch  20  total=3.588  recon=0.475  kl=0.479  comp=0.227  imag_comp=0.276
  epoch  21  total=3.490  recon=0.475  kl=0.476  comp=0.213  imag_comp=0.251
  epoch  22  total=3.517  recon=0.474  kl=0.483  comp=0.220  imag_comp=0.256
  epoch  23  total=3.508  recon=0.475  kl=0.486  comp=0.220  imag_comp=0.257
  epoch  24  total=3.525  recon=0.472  kl=0.512  comp=0.225  imag_comp=0.268
   {"target": "forecast", "threshold_mode": "train-tuned", "f1": 0.5394, "precision": 0.8667, "recall": 0.3916, "fpr": 0.0124, "pr_auc": 0.6345, "roc_auc": 0.807, "warned_early": 0, "episodes": 4, "mean_lead_windows": 0.0}
   {"target": "forecast", "threshold_mode": "alert-budget-5pct", "f1": 0.5591, "precision": 0.6903, "recall": 0.4699, "fpr": 0.0434, "pr_auc": 0.6345, "roc_auc": 0.807, "warned_early": 1, "episodes": 4, "mean_lead_windows": 10.0}
   {"target": "forecast", "threshold_mode": "oracle", "f1": 0.5975, "precision": 0.625, "recall": 0.5723, "fpr": 0.0707, "pr_auc": 0.6345, "roc_auc": 0.807, "warned_early": 1, "episodes": 4, "mean_lead_windows": 10.0}
   {"target": "escalation", "threshold_mode": "oracle", "f1": 0.372, "precision": 0.2809, "recall": 0.5505, "fpr": 0.3605, "pr_auc": 0.3614, "roc_auc": 0.6329}

== fold: test=friday  train=['monday', 'tuesday', 'wednesday', 'thursday']  device=cuda
  epoch   0  total=10.710  recon=0.486  kl=0.244  comp=1.189  imag_comp=1.179
  epoch   1  total=10.320  recon=0.482  kl=0.368  comp=1.160  imag_comp=1.145
  epoch   2  total=9.104  recon=0.482  kl=0.701  comp=0.993  imag_comp=0.972
  epoch   3  total=7.965  recon=0.478  kl=0.344  comp=0.836  imag_comp=0.818
  epoch   4  total=6.924  recon=0.477  kl=0.607  comp=0.713  imag_comp=0.663
  epoch   5  total=5.943  recon=0.479  kl=0.760  comp=0.590  imag_comp=0.518
  epoch   6  total=5.221  recon=0.479  kl=0.771  comp=0.506  imag_comp=0.421
  epoch   7  total=4.962  recon=0.477  kl=0.561  comp=0.466  imag_comp=0.390
  epoch   8  total=4.726  recon=0.480  kl=0.643  comp=0.439  imag_comp=0.370
  epoch   9  total=4.515  recon=0.477  kl=0.667  comp=0.404  imag_comp=0.342
  epoch  10  total=4.348  recon=0.478  kl=0.469  comp=0.393  imag_comp=0.336
  epoch  11  total=4.252  recon=0.478  kl=0.884  comp=0.390  imag_comp=0.325
  epoch  12  total=3.986  recon=0.474  kl=0.459  comp=0.343  imag_comp=0.289
  epoch  13  total=3.890  recon=0.475  kl=0.356  comp=0.336  imag_comp=0.275
  epoch  14  total=3.852  recon=0.474  kl=0.480  comp=0.329  imag_comp=0.281
  epoch  15  total=3.894  recon=0.477  kl=0.527  comp=0.334  imag_comp=0.284
  epoch  16  total=3.755  recon=0.475  kl=0.557  comp=0.298  imag_comp=0.280
  epoch  17  total=3.623  recon=0.476  kl=0.561  comp=0.278  imag_comp=0.264
  epoch  18  total=3.669  recon=0.476  kl=0.584  comp=0.284  imag_comp=0.273
  epoch  19  total=3.641  recon=0.476  kl=0.592  comp=0.279  imag_comp=0.265
  epoch  20  total=3.696  recon=0.477  kl=0.586  comp=0.275  imag_comp=0.266
  epoch  21  total=3.636  recon=0.473  kl=0.604  comp=0.267  imag_comp=0.265
  epoch  22  total=3.584  recon=0.478  kl=0.585  comp=0.267  imag_comp=0.260
  epoch  23  total=3.612  recon=0.477  kl=0.583  comp=0.267  imag_comp=0.254
  epoch  24  total=3.640  recon=0.475  kl=0.590  comp=0.275  imag_comp=0.262
   {"target": "forecast", "threshold_mode": "train-tuned", "f1": 0.0, "precision": 0.0, "recall": 0.0, "fpr": 0.0333, "pr_auc": 0.0929, "roc_auc": 0.3412, "warned_early": 0, "episodes": 1, "mean_lead_windows": 0.0}
   {"target": "forecast", "threshold_mode": "alert-budget-5pct", "f1": 0.0, "precision": 0.0, "recall": 0.0, "fpr": 0.0773, "pr_auc": 0.0929, "roc_auc": 0.3412, "warned_early": 0, "episodes": 1, "mean_lead_windows": 0.0}
   {"target": "forecast", "threshold_mode": "oracle", "f1": 0.0959, "precision": 0.0675, "recall": 0.1654, "fpr": 0.3448, "pr_auc": 0.0929, "roc_auc": 0.3412, "warned_early": 0, "episodes": 1, "mean_lead_windows": 0.0}
   {"target": "escalation", "threshold_mode": "oracle", "f1": 0.1927, "precision": 0.1151, "recall": 0.5918, "fpr": 0.5126, "pr_auc": 0.1289, "roc_auc": 0.5647}

== fold: test=monday  train=['tuesday', 'wednesday', 'thursday', 'friday']  device=cuda
  epoch   0  total=10.775  recon=0.491  kl=0.198  comp=1.182  imag_comp=1.179
  epoch   1  total=10.212  recon=0.485  kl=0.308  comp=1.103  imag_comp=1.098
  epoch   2  total=9.511  recon=0.483  kl=0.683  comp=0.993  imag_comp=0.997
  epoch   3  total=8.660  recon=0.480  kl=0.383  comp=0.851  imag_comp=0.860
  epoch   4  total=8.127  recon=0.482  kl=0.548  comp=0.811  imag_comp=0.811
  epoch   5  total=7.444  recon=0.482  kl=0.607  comp=0.715  imag_comp=0.695
  epoch   6  total=6.992  recon=0.480  kl=0.610  comp=0.667  imag_comp=0.656
  epoch   7  total=6.652  recon=0.479  kl=0.689  comp=0.630  imag_comp=0.622
  epoch   8  total=6.271  recon=0.476  kl=0.427  comp=0.599  imag_comp=0.578
  epoch   9  total=5.813  recon=0.477  kl=0.724  comp=0.538  imag_comp=0.496
  epoch  10  total=5.498  recon=0.475  kl=0.425  comp=0.503  imag_comp=0.468
  epoch  11  total=5.316  recon=0.471  kl=0.512  comp=0.482  imag_comp=0.456
  epoch  12  total=5.103  recon=0.472  kl=0.679  comp=0.460  imag_comp=0.432
  epoch  13  total=4.893  recon=0.468  kl=0.773  comp=0.438  imag_comp=0.419
  epoch  14  total=4.885  recon=0.472  kl=0.828  comp=0.435  imag_comp=0.419
  epoch  15  total=4.824  recon=0.470  kl=0.802  comp=0.443  imag_comp=0.426
  epoch  16  total=4.693  recon=0.469  kl=0.484  comp=0.419  imag_comp=0.401
  epoch  17  total=4.577  recon=0.470  kl=0.446  comp=0.404  imag_comp=0.399
  epoch  18  total=4.452  recon=0.466  kl=0.467  comp=0.387  imag_comp=0.388
  epoch  19  total=4.481  recon=0.468  kl=0.502  comp=0.391  imag_comp=0.392
  epoch  20  total=4.421  recon=0.470  kl=0.527  comp=0.387  imag_comp=0.375
  epoch  21  total=4.415  recon=0.468  kl=0.551  comp=0.378  imag_comp=0.387
  epoch  22  total=4.451  recon=0.469  kl=0.558  comp=0.377  imag_comp=0.374
  epoch  23  total=4.482  recon=0.468  kl=0.573  comp=0.391  imag_comp=0.409
  epoch  24  total=4.321  recon=0.467  kl=0.569  comp=0.368  imag_comp=0.370
   {"target": "forecast", "threshold_mode": "train-tuned", "f1": 0.0, "precision": 0.0, "recall": 0.0, "fpr": 0.0226, "pr_auc": NaN, "roc_auc": NaN, "warned_early": 0, "episodes": 0, "mean_lead_windows": 0.0}
   {"target": "forecast", "threshold_mode": "alert-budget-5pct", "f1": 0.0, "precision": 0.0, "recall": 0.0, "fpr": 0.0, "pr_auc": NaN, "roc_auc": NaN, "warned_early": 0, "episodes": 0, "mean_lead_windows": 0.0}
   {"target": "forecast", "threshold_mode": "oracle", "f1": 0.0, "precision": 0.0, "recall": 0.0, "fpr": 0.8686, "pr_auc": NaN, "roc_auc": NaN, "warned_early": 0, "episodes": 0, "mean_lead_windows": 0.0}

wrote models\r4-rank-s43/*.pt, results/tables/r4-rank-s43_*.csv, results/figures/e5_*, e6_*
