s42 s01 T=  737 native          roc=0.953 (native 0.953, stored 0.942)  d=+0.000  rho=1.000  crosses=
s42 s01 T=  737 prefix_of_8019  roc=0.954 (native 0.953, stored 0.942)  d=+0.001  rho=0.992  crosses=
s42 s01 T=  737 slices_34       roc=0.705 (native 0.953, stored 0.942)  d=-0.248  rho=0.435  crosses=
s42 s01 T=  737 slices_96       roc=0.800 (native 0.953, stored 0.942)  d=-0.152  rho=0.552  crosses=
s42 s02 T=  505 native          roc=0.610 (native 0.610, stored 0.597)  d=+0.000  rho=1.000  crosses=
s42 s02 T=  505 prefix_of_8019  roc=0.606 (native 0.610, stored 0.597)  d=-0.004  rho=0.998  crosses=
s42 s02 T=  505 slices_34       roc=0.464 (native 0.610, stored 0.597)  d=-0.146  rho=0.803  crosses=0.50
s42 s02 T=  505 slices_96       roc=0.502 (native 0.610, stored 0.597)  d=-0.109  rho=0.896  crosses=
s42 s09 T=  677 native          roc=0.607 (native 0.607, stored 0.608)  d=+0.000  rho=1.000  crosses=
s42 s09 T=  677 prefix_of_8019  roc=0.603 (native 0.607, stored 0.608)  d=-0.004  rho=0.995  crosses=
s42 s09 T=  677 slices_34       roc=0.656 (native 0.607, stored 0.608)  d=+0.049  rho=0.834  crosses=
s42 s09 T=  677 slices_96       roc=0.643 (native 0.607, stored 0.608)  d=+0.036  rho=0.918  crosses=
s42 s03 T= 8019 native          roc=0.714 (native 0.714, stored 0.714)  d=+0.000  rho=1.000  crosses=
s42 s03 T= 8019 prefix_of_8019  roc=0.714 (native 0.714, stored 0.714)  d=+0.000  rho=1.000  crosses=
s42 s03 T= 8019 slices_34       roc=0.706 (native 0.714, stored 0.714)  d=-0.008  rho=0.902  crosses=
s42 s03 T= 8019 slices_96       roc=0.713 (native 0.714, stored 0.714)  d=-0.000  rho=0.966  crosses=
s42 s04 T=  539 native          roc=0.592 (native 0.592, stored 0.595)  d=+0.000  rho=1.000  crosses=
s42 s04 T=  539 prefix_of_8019  roc=0.579 (native 0.592, stored 0.595)  d=-0.013  rho=0.980  crosses=
s42 s04 T=  539 slices_34       roc=0.581 (native 0.592, stored 0.595)  d=-0.012  rho=0.919  crosses=
s42 s04 T=  539 slices_96       roc=0.589 (native 0.592, stored 0.595)  d=-0.004  rho=0.947  crosses=
s42 s10 T=  618 native          roc=0.669 (native 0.669, stored 0.671)  d=+0.000  rho=1.000  crosses=
s42 s10 T=  618 prefix_of_8019  roc=0.676 (native 0.669, stored 0.671)  d=+0.007  rho=0.993  crosses=
s42 s10 T=  618 slices_34       roc=0.623 (native 0.669, stored 0.671)  d=-0.046  rho=0.866  crosses=
s42 s10 T=  618 slices_96       roc=0.672 (native 0.669, stored 0.671)  d=+0.003  rho=0.982  crosses=
s42 s11 T=   34 native          roc=0.075 (native 0.075, stored 0.082)  d=+0.000  rho=1.000  crosses=
s42 s11 T=   34 prefix_of_96    roc=0.018 (native 0.075, stored 0.082)  d=-0.057  rho=0.902  crosses=
s42 s11 T=   34 prefix_of_8019  roc=0.039 (native 0.075, stored 0.082)  d=-0.036  rho=0.982  crosses=
s42 s05 T=   61 native          roc=0.857 (native 0.857, stored 0.847)  d=+0.000  rho=1.000  crosses=
s42 s05 T=   61 prefix_of_96    roc=0.925 (native 0.857, stored 0.847)  d=+0.069  rho=0.971  crosses=
s42 s05 T=   61 prefix_of_8019  roc=0.965 (native 0.857, stored 0.847)  d=+0.108  rho=0.964  crosses=
s42 s05 T=   61 slices_34       roc=0.867 (native 0.857, stored 0.847)  d=+0.010  rho=0.950  crosses=
s42 s13 T= 1967 native          roc=0.439 (native 0.439, stored 0.439)  d=+0.000  rho=1.000  crosses=
s42 s13 T= 1967 prefix_of_8019  roc=0.453 (native 0.439, stored 0.439)  d=+0.014  rho=0.992  crosses=
s42 s13 T= 1967 slices_34       roc=0.473 (native 0.439, stored 0.439)  d=+0.034  rho=0.923  crosses=
s42 s13 T= 1967 slices_96       roc=0.428 (native 0.439, stored 0.439)  d=-0.011  rho=0.966  crosses=
s42 s06 T=  260 native          roc=0.768 (native 0.768, stored 0.770)  d=+0.000  rho=1.000  crosses=
s42 s06 T=  260 prefix_of_8019  roc=0.766 (native 0.768, stored 0.770)  d=-0.003  rho=0.999  crosses=
s42 s06 T=  260 slices_34       roc=0.757 (native 0.768, stored 0.770)  d=-0.012  rho=0.699  crosses=
s42 s06 T=  260 slices_96       roc=0.756 (native 0.768, stored 0.770)  d=-0.012  rho=0.986  crosses=
s42 s07 T=   44 native          roc=0.015 (native 0.015, stored 0.015)  d=+0.000  rho=1.000  crosses=
s42 s07 T=   44 prefix_of_96    roc=0.024 (native 0.015, stored 0.015)  d=+0.009  rho=0.989  crosses=
s42 s07 T=   44 prefix_of_8019  roc=0.049 (native 0.015, stored 0.015)  d=+0.034  rho=0.932  crosses=
s42 s07 T=   44 slices_34       roc=0.015 (native 0.015, stored 0.015)  d=+0.000  rho=0.995  crosses=
s42 s08 T= 2339 native          roc=0.205 (native 0.205, stored 0.204)  d=+0.000  rho=1.000  crosses=
s42 s08 T= 2339 prefix_of_8019  roc=0.209 (native 0.205, stored 0.204)  d=+0.003  rho=0.998  crosses=
s42 s08 T= 2339 slices_34       roc=0.221 (native 0.205, stored 0.204)  d=+0.015  rho=0.933  crosses=
s42 s08 T= 2339 slices_96       roc=0.229 (native 0.205, stored 0.204)  d=+0.023  rho=0.969  crosses=
s42 s12 T=  208 native          roc=0.982 (native 0.982, stored 0.985)  d=+0.000  rho=1.000  crosses=
s42 s12 T=  208 prefix_of_8019  roc=0.989 (native 0.982, stored 0.985)  d=+0.007  rho=0.999  crosses=
s42 s12 T=  208 slices_34       roc=0.978 (native 0.982, stored 0.985)  d=-0.005  rho=0.915  crosses=
s42 s12 T=  208 slices_96       roc=0.984 (native 0.982, stored 0.985)  d=+0.001  rho=0.994  crosses=
s43 s01 T=  737 native          roc=0.665 (native 0.665, stored 0.664)  d=+0.000  rho=1.000  crosses=
s43 s01 T=  737 prefix_of_8019  roc=0.649 (native 0.665, stored 0.664)  d=-0.016  rho=0.998  crosses=
s43 s01 T=  737 slices_34       roc=0.584 (native 0.665, stored 0.664)  d=-0.081  rho=0.688  crosses=
s43 s01 T=  737 slices_96       roc=0.610 (native 0.665, stored 0.664)  d=-0.055  rho=0.853  crosses=
s43 s02 T=  505 native          roc=0.420 (native 0.420, stored 0.425)  d=+0.000  rho=1.000  crosses=
s43 s02 T=  505 prefix_of_8019  roc=0.414 (native 0.420, stored 0.425)  d=-0.007  rho=0.999  crosses=
s43 s02 T=  505 slices_34       roc=0.355 (native 0.420, stored 0.425)  d=-0.065  rho=0.751  crosses=
s43 s02 T=  505 slices_96       roc=0.394 (native 0.420, stored 0.425)  d=-0.026  rho=0.918  crosses=
s43 s09 T=  677 native          roc=0.872 (native 0.872, stored 0.858)  d=+0.000  rho=1.000  crosses=
s43 s09 T=  677 prefix_of_8019  roc=0.849 (native 0.872, stored 0.858)  d=-0.023  rho=0.994  crosses=
s43 s09 T=  677 slices_34       roc=0.814 (native 0.872, stored 0.858)  d=-0.058  rho=0.811  crosses=
s43 s09 T=  677 slices_96       roc=0.840 (native 0.872, stored 0.858)  d=-0.032  rho=0.923  crosses=
s44 s01 T=  737 native          roc=0.770 (native 0.770, stored 0.761)  d=+0.000  rho=1.000  crosses=
s44 s01 T=  737 prefix_of_8019  roc=0.756 (native 0.770, stored 0.761)  d=-0.014  rho=0.994  crosses=
s44 s01 T=  737 slices_34       roc=0.719 (native 0.770, stored 0.761)  d=-0.051  rho=0.806  crosses=
s44 s01 T=  737 slices_96       roc=0.741 (native 0.770, stored 0.761)  d=-0.028  rho=0.897  crosses=
s44 s02 T=  505 native          roc=0.416 (native 0.416, stored 0.413)  d=+0.000  rho=1.000  crosses=
s44 s02 T=  505 prefix_of_8019  roc=0.418 (native 0.416, stored 0.413)  d=+0.002  rho=0.998  crosses=
s44 s02 T=  505 slices_34       roc=0.397 (native 0.416, stored 0.413)  d=-0.018  rho=0.934  crosses=
s44 s02 T=  505 slices_96       roc=0.408 (native 0.416, stored 0.413)  d=-0.008  rho=0.988  crosses=
s44 s09 T=  677 native          roc=0.933 (native 0.933, stored 0.931)  d=+0.000  rho=1.000  crosses=
s44 s09 T=  677 prefix_of_8019  roc=0.933 (native 0.933, stored 0.931)  d=-0.000  rho=0.996  crosses=
s44 s09 T=  677 slices_34       roc=0.936 (native 0.933, stored 0.931)  d=+0.003  rho=0.976  crosses=
s44 s09 T=  677 slices_96       roc=0.922 (native 0.933, stored 0.931)  d=-0.011  rho=0.988  crosses=
wrote results/tables/n8_ctu13_positional_length.csv and results/runs/n8-ctu13-positional-length/
